Archive member included to satisfy reference by file (symbol)

C:/Users/User/.pico-sdk/toolchain/13_3_Rel1/bin/../lib/gcc/arm-none-eabi/13.3.1/thumb/v6-m/nofp\libgcc.a(_dvmd_tls.o)
                              CMakeFiles/semaforo.dir/C_/Users/User/.pico-sdk/sdk/2.1.0/src/rp2_common/pico_divider/divider_hardware.S.obj (__aeabi_idiv0)
C:/Users/User/.pico-sdk/toolchain/13_3_Rel1/bin/../lib/gcc/arm-none-eabi/13.3.1/thumb/v6-m/nofp\libg.a(libc_a-calloc.o)
                              CMakeFiles/semaforo.dir/C_/Users/User/.pico-sdk/sdk/2.1.0/src/rp2_common/pico_malloc/malloc.c.obj (calloc)
C:/Users/User/.pico-sdk/toolchain/13_3_Rel1/bin/../lib/gcc/arm-none-eabi/13.3.1/thumb/v6-m/nofp\libg.a(libc_a-callocr.o)
                              C:/Users/User/.pico-sdk/toolchain/13_3_Rel1/bin/../lib/gcc/arm-none-eabi/13.3.1/thumb/v6-m/nofp\libg.a(libc_a-calloc.o) (_calloc_r)
C:/Users/User/.pico-sdk/toolchain/13_3_Rel1/bin/../lib/gcc/arm-none-eabi/13.3.1/thumb/v6-m/nofp\libg.a(libc_a-malloc.o)
                              CMakeFiles/semaforo.dir/C_/Users/User/.pico-sdk/sdk/2.1.0/src/rp2_common/pico_malloc/malloc.c.obj (malloc)
C:/Users/User/.pico-sdk/toolchain/13_3_Rel1/bin/../lib/gcc/arm-none-eabi/13.3.1/thumb/v6-m/nofp\libg.a(libc_a-mallocr.o)
                              C:/Users/User/.pico-sdk/toolchain/13_3_Rel1/bin/../lib/gcc/arm-none-eabi/13.3.1/thumb/v6-m/nofp\libg.a(libc_a-callocr.o) (_malloc_r)
C:/Users/User/.pico-sdk/toolchain/13_3_Rel1/bin/../lib/gcc/arm-none-eabi/13.3.1/thumb/v6-m/nofp\libg.a(libc_a-mlock.o)
                              C:/Users/User/.pico-sdk/toolchain/13_3_Rel1/bin/../lib/gcc/arm-none-eabi/13.3.1/thumb/v6-m/nofp\libg.a(libc_a-mallocr.o) (__malloc_lock)
C:/Users/User/.pico-sdk/toolchain/13_3_Rel1/bin/../lib/gcc/arm-none-eabi/13.3.1/thumb/v6-m/nofp\libg.a(libc_a-realloc.o)
                              CMakeFiles/semaforo.dir/C_/Users/User/.pico-sdk/sdk/2.1.0/src/rp2_common/pico_malloc/malloc.c.obj (realloc)
C:/Users/User/.pico-sdk/toolchain/13_3_Rel1/bin/../lib/gcc/arm-none-eabi/13.3.1/thumb/v6-m/nofp\libg.a(libc_a-reallocr.o)
                              C:/Users/User/.pico-sdk/toolchain/13_3_Rel1/bin/../lib/gcc/arm-none-eabi/13.3.1/thumb/v6-m/nofp\libg.a(libc_a-realloc.o) (_realloc_r)
C:/Users/User/.pico-sdk/toolchain/13_3_Rel1/bin/../lib/gcc/arm-none-eabi/13.3.1/thumb/v6-m/nofp\libg.a(libc_a-memcmp.o)
                              CMakeFiles/semaforo.dir/C_/Users/User/.pico-sdk/sdk/2.1.0/src/rp2_common/pico_atomic/atomic.c.obj (memcmp)
C:/Users/User/.pico-sdk/toolchain/13_3_Rel1/bin/../lib/gcc/arm-none-eabi/13.3.1/thumb/v6-m/nofp\libg.a(libc_a-memmove.o)
                              C:/Users/User/.pico-sdk/toolchain/13_3_Rel1/bin/../lib/gcc/arm-none-eabi/13.3.1/thumb/v6-m/nofp\libg.a(libc_a-reallocr.o) (memmove)
C:/Users/User/.pico-sdk/toolchain/13_3_Rel1/bin/../lib/gcc/arm-none-eabi/13.3.1/thumb/v6-m/nofp\libg.a(libc_a-lcltime_r.o)
                              CMakeFiles/semaforo.dir/C_/Users/User/.pico-sdk/sdk/2.1.0/src/common/pico_util/datetime.c.obj (localtime_r)
C:/Users/User/.pico-sdk/toolchain/13_3_Rel1/bin/../lib/gcc/arm-none-eabi/13.3.1/thumb/v6-m/nofp\libg.a(libc_a-mktime.o)
                              CMakeFiles/semaforo.dir/C_/Users/User/.pico-sdk/sdk/2.1.0/src/common/pico_util/datetime.c.obj (mktime)
C:/Users/User/.pico-sdk/toolchain/13_3_Rel1/bin/../lib/gcc/arm-none-eabi/13.3.1/thumb/v6-m/nofp\libg.a(libc_a-month_lengths.o)
                              C:/Users/User/.pico-sdk/toolchain/13_3_Rel1/bin/../lib/gcc/arm-none-eabi/13.3.1/thumb/v6-m/nofp\libg.a(libc_a-lcltime_r.o) (__month_lengths)
C:/Users/User/.pico-sdk/toolchain/13_3_Rel1/bin/../lib/gcc/arm-none-eabi/13.3.1/thumb/v6-m/nofp\libg.a(libc_a-tzcalc_limits.o)
                              C:/Users/User/.pico-sdk/toolchain/13_3_Rel1/bin/../lib/gcc/arm-none-eabi/13.3.1/thumb/v6-m/nofp\libg.a(libc_a-lcltime_r.o) (__tzcalc_limits)
C:/Users/User/.pico-sdk/toolchain/13_3_Rel1/bin/../lib/gcc/arm-none-eabi/13.3.1/thumb/v6-m/nofp\libg.a(libc_a-tzlock.o)
                              C:/Users/User/.pico-sdk/toolchain/13_3_Rel1/bin/../lib/gcc/arm-none-eabi/13.3.1/thumb/v6-m/nofp\libg.a(libc_a-lcltime_r.o) (__tz_lock)
C:/Users/User/.pico-sdk/toolchain/13_3_Rel1/bin/../lib/gcc/arm-none-eabi/13.3.1/thumb/v6-m/nofp\libg.a(libc_a-tzset.o)
                              C:/Users/User/.pico-sdk/toolchain/13_3_Rel1/bin/../lib/gcc/arm-none-eabi/13.3.1/thumb/v6-m/nofp\libg.a(libc_a-lcltime_r.o) (_tzset_unlocked)
C:/Users/User/.pico-sdk/toolchain/13_3_Rel1/bin/../lib/gcc/arm-none-eabi/13.3.1/thumb/v6-m/nofp\libg.a(libc_a-tzset_r.o)
                              C:/Users/User/.pico-sdk/toolchain/13_3_Rel1/bin/../lib/gcc/arm-none-eabi/13.3.1/thumb/v6-m/nofp\libg.a(libc_a-tzset.o) (_tzset_unlocked_r)
C:/Users/User/.pico-sdk/toolchain/13_3_Rel1/bin/../lib/gcc/arm-none-eabi/13.3.1/thumb/v6-m/nofp\libg.a(libc_a-tzvars.o)
[...]
Memory Configuration

Name             Origin             Length             Attributes
FLASH            0x10000000         0x00200000         xr
RAM              0x20000000         0x00040000         xrw
SCRATCH_X        0x20040000         0x00001000         xrw
SCRATCH_Y        0x20041000         0x00001000         xrw
*default*        0x00000000         0xffffffff

Linker script and memory map

LOAD C:/Users/User/.pico-sdk/toolchain/13_3_Rel1/bin/../lib/gcc/arm-none-eabi/13.3.1/thumb/v6-m/nofp/crti.o
LOAD C:/Users/User/.pico-sdk/toolchain/13_3_Rel1/bin/../lib/gcc/arm-none-eabi/13.3.1/thumb/v6-m/nofp/crtbegin.o
LOAD C:/Users/User/.pico-sdk/toolchain/13_3_Rel1/bin/../lib/gcc/arm-none-eabi/13.3.1/thumb/v6-m/nofp/crt0.o

.flash_begin    0x10000000        0x0
                0x10000000                        __flash_binary_start = .

.boot2          0x10000000      0x100
                0x10000000                        __boot2_start__ = .
 *(.boot2)
 .boot2         0x10000000      0x100 pico-sdk/src/rp2040/boot_stage2/CMakeFiles/bs2_default_library.dir/./bs2_default_padded_checksummed.S.obj
                0x10000100                        __boot2_end__ = .
                0x00000001                        ASSERT (((__boot2_end__ - __boot2_start__) == 0x100), ERROR: Pico second stage bootloader must be 256 bytes in size)

.text           0x10000100     0x1788
                0x10000100                        __logical_binary_start = .
 *(.vectors)
 .vectors       0x10000100       0xd4 CMakeFiles/semaforo.dir/C_/Users/User/.pico-sdk/sdk/2.1.0/src/rp2_common/pico_crt0/crt0.S.obj
                0x10000100                __VECTOR_TABLE
                0x10000100                __vectors
                0x100001c0                isr_invalid
                0x100001c0                __default_isrs_start
                0x100001c2                isr_nmi
                0x100001c4                isr_hardfault
                0x100001c6                isr_svcall
                0x100001c8                isr_pendsv
                0x100001ca                isr_systick
                0x100001cc                isr_irq23
                0x100001cc                isr_irq18
                0x100001cc                isr_irq11
                0x100001cc                isr_irq28
                0x100001cc                isr_irq19
                0x100001cc                isr_irq0
                0x100001cc                isr_irq6
                0x100001cc                isr_irq5
                0x100001cc                isr_irq12
                0x100001cc                isr_irq22
                0x100001cc                isr_irq31
                0x100001cc                isr_irq17
                0x100001cc                isr_irq27
                0x100001cc                isr_irq30
                0x100001cc                isr_irq2
                0x100001cc                isr_irq10
                0x100001cc                isr_irq8
                0x100001cc                isr_irq24
                0x100001cc                isr_irq1
                0x100001cc                isr_irq7
                0x100001cc                isr_irq21
                0x100001cc                isr_irq20
                0x100001cc                isr_irq15
                0x100001cc                isr_irq25
                0x100001cc                isr_irq13
                0x100001cc                __unhandled_user_irq
                0x100001cc                isr_irq4
                0x100001cc                isr_irq16
                0x100001cc                isr_irq29
                0x100001cc                isr_irq26
                0x100001cc                __default_isrs_end
                0x100001cc                isr_irq3
                0x100001cc                isr_irq14
                0x100001cc                isr_irq9
                0x100001d2                unhandled_user_irq_num_in_r0
 *(.binary_info_header)
 .binary_info_header
                0x100001d4       0x14 CMakeFiles/semaforo.dir/C_/Users/User/.pico-sdk/sdk/2.1.0/src/rp2_common/pico_crt0/crt0.S.obj
                0x100001e8                        __binary_info_header_end = .
 *(.embedded_block)
                0x100001e8                        __embedded_block_end = .
 *(.reset)
 .reset         0x100001e8       0x9c CMakeFiles/semaforo.dir/C_/Users/User/.pico-sdk/sdk/2.1.0/src/rp2_common/pico_crt0/crt0.S.obj
                0x100001e8                _entry_point
 *(.init)
 .init          0x10000284        0x4 C:/Users/User/.pico-sdk/toolchain/13_3_Rel1/bin/../lib/gcc/arm-none-eabi/13.3.1/thumb/v6-m/nofp/crti.o
                0x10000284                _init
 *(EXCLUDE_FILE(*libm.a: *libc.a:*lib_a-mem*.o *libgcc.a:) .text*)
 .text.register_tm_clones
                0x10000288       0x28 C:/Users/User/.pico-sdk/toolchain/13_3_Rel1/bin/../lib/gcc/arm-none-eabi/13.3.1/thumb/v6-m/nofp/crtbegin.o
 .text.frame_dummy
                0x100002b0       0x24 C:/Users/User/.pico-sdk/toolchain/13_3_Rel1/bin/../lib/gcc/arm-none-eabi/13.3.1/thumb/v6-m/nofp/crtbegin.o
 .text.repeating_timer_callback
                0x100002d4       0x48 CMakeFiles/semaforo.dir/semaforo.c.obj
                0x100002d4                repeating_timer_callback
 .text.startup.main
                0x1000031c       0x5c CMakeFiles/semaforo.dir/semaforo.c.obj
                0x1000031c                main
 .text.gpio_init
                0x10000378       0x40 CMakeFiles/semaforo.dir/C_/Users/User/.pico-sdk/sdk/2.1.0/src/rp2_common/hardware_gpio/gpio.c.obj
                0x10000378                gpio_init
 .text.panic    0x100003b8       0x30 CMakeFiles/semaforo.dir/C_/Users/User/.pico-sdk/sdk/2.1.0/src/rp2_common/pico_platform_panic/panic.c.obj
                0x100003b8                panic
 .text.hw_claim_or_assert
                0x100003e8       0x44 CMakeFiles/semaforo.dir/C_/Users/User/.pico-sdk/sdk/2.1.0/src/common/hardware_claim/claim.c.obj
                0x100003e8                hw_claim_or_assert
 .text.next_striped_spin_lock_num
                0x1000042c       0x18 CMakeFiles/semaforo.dir/C_/Users/User/.pico-sdk/sdk/2.1.0/src/rp2_common/hardware_sync/sync.c.obj
                0x1000042c                next_striped_spin_lock_num
 .text.spin_locks_reset
                0x10000444       0x1c CMakeFiles/semaforo.dir/C_/Users/User/.pico-sdk/sdk/2.1.0/src/rp2_common/hardware_sync_spin_lock/sync_spin_lock.c.obj
                0x10000444                spin_locks_reset
 .text.runtime_init_per_core_irq_priorities
                0x10000460       0x24 CMakeFiles/semaforo.dir/C_/Users/User/.pico-sdk/sdk/2.1.0/src/rp2_common/hardware_irq/irq.c.obj
                0x10000460                runtime_init_per_core_irq_priorities
 .text.irq_set_enabled
                0x10000484       0x24 CMakeFiles/semaforo.dir/C_/Users/User/.pico-sdk/sdk/2.1.0/src/rp2_common/hardware_irq/irq.c.obj
                0x10000484                irq_set_enabled
 .text.irq_set_exclusive_handler
                0x100004a8       0x54 CMakeFiles/semaforo.dir/C_/Users/User/.pico-sdk/sdk/2.1.0/src/rp2_common/hardware_irq/irq.c.obj
                0x100004a8                irq_set_exclusive_handler
 .text.lock_init
                0x100004fc       0x10 CMakeFiles/semaforo.dir/C_/Users/User/.pico-sdk/sdk/2.1.0/src/common/pico_sync/lock_core.c.obj
                0x100004fc                lock_init
 .text.runtime_init_mutex
                0x1000050c       0x50 CMakeFiles/semaforo.dir/C_/Users/User/.pico-sdk/sdk/2.1.0/src/common/pico_sync/mutex.c.obj
                0x1000050c                runtime_init_mutex
 .text.sleep_until_callback
                0x1000055c       0x30 CMakeFiles/semaforo.dir/C_/Users/User/.pico-sdk/sdk/2.1.0/src/common/pico_time/time.c.obj
 .text.alarm_pool_irq_handler
                0x1000058c      0x2fc CMakeFiles/semaforo.dir/C_/Users/User/.pico-sdk/sdk/2.1.0/src/common/pico_time/time.c.obj
 .text.runtime_init_default_alarm_pool
                0x10000888       0xdc CMakeFiles/semaforo.dir/C_/Users/User/.pico-sdk/sdk/2.1.0/src/common/pico_time/time.c.obj
                0x10000888                runtime_init_default_alarm_pool
 .text.alarm_pool_get_default
                0x10000964        0x8 CMakeFiles/semaforo.dir/C_/Users/User/.pico-sdk/sdk/2.1.0/src/common/pico_time/time.c.obj
                0x10000964                alarm_pool_get_default
 .text.alarm_pool_add_alarm_at_force_in_context
                0x1000096c       0xb0 CMakeFiles/semaforo.dir/C_/Users/User/.pico-sdk/sdk/2.1.0/src/common/pico_time/time.c.obj
                0x1000096c                alarm_pool_add_alarm_at_force_in_context
 .text.alarm_pool_cancel_alarm
                0x10000a1c       0x74 CMakeFiles/semaforo.dir/C_/Users/User/.pico-sdk/sdk/2.1.0/src/common/pico_time/time.c.obj
                0x10000a1c                alarm_pool_cancel_alarm
 .text.sleep_until
                0x10000a90       0xd8 CMakeFiles/semaforo.dir/C_/Users/User/.pico-sdk/sdk/2.1.0/src/common/pico_time/time.c.obj
                0x10000a90                sleep_until
 .text.sleep_ms
                0x10000b68       0x38 CMakeFiles/semaforo.dir/C_/Users/User/.pico-sdk/sdk/2.1.0/src/common/pico_time/time.c.obj
                0x10000b68                sleep_ms
 .text.best_effort_wfe_or_timeout
                0x10000ba0       0xe0 CMakeFiles/semaforo.dir/C_/Users/User/.pico-sdk/sdk/2.1.0/src/common/pico_time/time.c.obj
                0x10000ba0                best_effort_wfe_or_timeout
 .text.alarm_pool_add_repeating_timer_us
                0x10000c80      0x128 CMakeFiles/semaforo.dir/C_/Users/User/.pico-sdk/sdk/2.1.0/src/common/pico_time/time.c.obj
                0x10000c80                alarm_pool_add_repeating_timer_us
 .text.timer_hardware_alarm_claim
                0x10000da8       0x14 CMakeFiles/semaforo.dir/C_/Users/User/.pico-sdk/sdk/2.1.0/src/rp2_common/hardware_timer/timer.c.obj
                0x10000da8                timer_hardware_alarm_claim
 .text.timer_time_us_64
                0x10000dbc       0x10 CMakeFiles/semaforo.dir/C_/Users/User/.pico-sdk/sdk/2.1.0/src/rp2_common/hardware_timer/timer.c.obj
                0x10000dbc                timer_time_us_64
 .text.time_us_64
                0x10000dcc       0x14 CMakeFiles/semaforo.dir/C_/Users/User/.pico-sdk/sdk/2.1.0/src/rp2_common/hardware_timer/timer.c.obj
                0x10000dcc                time_us_64
 .text.busy_wait_until
                0x10000de0       0x20 CMakeFiles/semaforo.dir/C_/Users/User/.pico-sdk/sdk/2.1.0/src/rp2_common/hardware_timer/timer.c.obj
                0x10000de0                busy_wait_until
 .text.clock_configure_int_divider
                0x10000e00       0xf4 CMakeFiles/semaforo.dir/C_/Users/User/.pico-sdk/sdk/2.1.0/src/rp2_common/hardware_clocks/clocks.c.obj
                0x10000e00                clock_configure_int_divider
 .text.clock_configure_undivided
                0x10000ef4       0xe8 CMakeFiles/semaforo.dir/C_/Users/User/.pico-sdk/sdk/2.1.0/src/rp2_common/hardware_clocks/clocks.c.obj
                0x10000ef4                clock_configure_undivided
 .text.clock_get_hz
                0x10000fdc        0xc CMakeFiles/semaforo.dir/C_/Users/User/.pico-sdk/sdk/2.1.0/src/rp2_common/hardware_clocks/clocks.c.obj
                0x10000fdc                clock_get_hz
 .text.pll_init
                0x10000fe8       0xa4 CMakeFiles/semaforo.dir/C_/Users/User/.pico-sdk/sdk/2.1.0/src/rp2_common/hardware_pll/pll.c.obj
                0x10000fe8                pll_init
 .text.tick_start
                0x1000108c       0x10 CMakeFiles/semaforo.dir/C_/Users/User/.pico-sdk/sdk/2.1.0/src/rp2_common/hardware_ticks/ticks.c.obj
                0x1000108c                tick_start
 .text.rom_func_lookup
                0x1000109c       0x10 CMakeFiles/semaforo.dir/C_/Users/User/.pico-sdk/sdk/2.1.0/src/rp2_common/pico_bootrom/bootrom.c.obj
                0x1000109c                rom_func_lookup
 .text.rom_data_lookup
                0x100010ac       0x10 CMakeFiles/semaforo.dir/C_/Users/User/.pico-sdk/sdk/2.1.0/src/rp2_common/pico_bootrom/bootrom.c.obj
                0x100010ac                rom_data_lookup
 .text.rom_funcs_lookup
                0x100010bc       0x44 CMakeFiles/semaforo.dir/C_/Users/User/.pico-sdk/sdk/2.1.0/src/rp2_common/pico_bootrom/bootrom.c.obj
                0x100010bc                rom_funcs_lookup
 .text.xosc_init
                0x10001100       0x28 CMakeFiles/semaforo.dir/C_/Users/User/.pico-sdk/sdk/2.1.0/src/rp2_common/hardware_xosc/xosc.c.obj
                0x10001100                xosc_init
 .text.first_per_core_initializer
                0x10001128        0x4 CMakeFiles/semaforo.dir/C_/Users/User/.pico-sdk/sdk/2.1.0/src/rp2_common/pico_runtime/runtime.c.obj
 .text.hard_assertion_failure
                0x1000112c        0xc CMakeFiles/semaforo.dir/C_/Users/User/.pico-sdk/sdk/2.1.0/src/rp2_common/pico_runtime/runtime.c.obj
                0x1000112c                hard_assertion_failure
 .text.runtime_run_initializers
                0x10001138       0x28 CMakeFiles/semaforo.dir/C_/Users/User/.pico-sdk/sdk/2.1.0/src/rp2_common/pico_runtime/runtime.c.obj
                0x10001138                runtime_run_initializers
 .text.runtime_init_early_resets
                0x10001160       0x2c CMakeFiles/semaforo.dir/C_/Users/User/.pico-sdk/sdk/2.1.0/src/rp2_common/pico_runtime_init/runtime_init.c.obj
                0x10001160                runtime_init_early_resets
 .text.runtime_init_usb_power_down
                0x1000118c       0x1c CMakeFiles/semaforo.dir/C_/Users/User/.pico-sdk/sdk/2.1.0/src/rp2_common/pico_runtime_init/runtime_init.c.obj
                0x1000118c                runtime_init_usb_power_down
 .text.runtime_init_post_clock_resets
                0x100011a8       0x20 CMakeFiles/semaforo.dir/C_/Users/User/.pico-sdk/sdk/2.1.0/src/rp2_common/pico_runtime_init/runtime_init.c.obj
                0x100011a8                runtime_init_post_clock_resets
 .text.runtime_init_rp2040_gpio_ie_disable
                0x100011c8       0x14 CMakeFiles/semaforo.dir/C_/Users/User/.pico-sdk/sdk/2.1.0/src/rp2_common/pico_runtime_init/runtime_init.c.obj
                0x100011c8                runtime_init_rp2040_gpio_ie_disable
 .text.runtime_init_spin_locks_reset
                0x100011dc        0x8 CMakeFiles/semaforo.dir/C_/Users/User/.pico-sdk/sdk/2.1.0/src/rp2_common/pico_runtime_init/runtime_init.c.obj
                0x100011dc                runtime_init_spin_locks_reset
 .text.runtime_init_install_ram_vector_table
                0x100011e4       0x1c CMakeFiles/semaforo.dir/C_/Users/User/.pico-sdk/sdk/2.1.0/src/rp2_common/pico_runtime_init/runtime_init.c.obj
                0x100011e4                runtime_init_install_ram_vector_table
 .text.runtime_init_clocks
                0x10001200       0xd8 CMakeFiles/semaforo.dir/C_/Users/User/.pico-sdk/sdk/2.1.0/src/rp2_common/pico_runtime_init/runtime_init_clocks.c.obj
                0x10001200                runtime_init_clocks
 .text          0x100012d8       0x10 CMakeFiles/semaforo.dir/C_/Users/User/.pico-sdk/sdk/2.1.0/src/rp2_common/pico_bit_ops/bit_ops_aeabi.S.obj
 .text.__wrap___aeabi_uidiv
                0x100012e8       0x4c CMakeFiles/semaforo.dir/C_/Users/User/.pico-sdk/sdk/2.1.0/src/rp2_common/pico_divider/divider_hardware.S.obj
                0x100012e8                __wrap___aeabi_uidiv
                0x100012e8                __wrap___aeabi_uidivmod
                0x100012e8                div_u32u32
                0x100012e8                divmod_u32u32
                0x100012f0                divmod_u32u32_unsafe
                0x10001318                divmod_u32u32_savestate
 .text.missing_double_func_shim
                0x10001334        0xc CMakeFiles/semaforo.dir/C_/Users/User/.pico-sdk/sdk/2.1.0/src/rp2_common/pico_double/double_init_rom_rp2040.c.obj
 .text.__aeabi_double_init
                0x10001340       0xa0 CMakeFiles/semaforo.dir/C_/Users/User/.pico-sdk/sdk/2.1.0/src/rp2_common/pico_double/double_init_rom_rp2040.c.obj
                0x10001340                __aeabi_double_init
 .text.double_table_shim_on_use_helper
                0x100013e0       0x2c CMakeFiles/semaforo.dir/C_/Users/User/.pico-sdk/sdk/2.1.0/src/rp2_common/pico_double/double_v1_rom_shim_rp2040.S.obj
                0x100013e0                double_table_shim_on_use_helper
 .text.__aeabi_lmul
                0x1000140c       0x32 CMakeFiles/semaforo.dir/C_/Users/User/.pico-sdk/sdk/2.1.0/src/rp2_common/pico_int64_ops/pico_int64_ops_aeabi.S.obj
                0x1000140c                __wrap___aeabi_lmul
 *fill*         0x1000143e        0x2 
 .text.missing_float_func_shim
                0x10001440        0xc CMakeFiles/semaforo.dir/C_/Users/User/.pico-sdk/sdk/2.1.0/src/rp2_common/pico_float/float_init_rom_rp2040.c.obj
 .text.__aeabi_float_init
                0x1000144c       0x5c CMakeFiles/semaforo.dir/C_/Users/User/.pico-sdk/sdk/2.1.0/src/rp2_common/pico_float/float_init_rom_rp2040.c.obj
                0x1000144c                __aeabi_float_init
 .text          0x100014a8       0x10 CMakeFiles/semaforo.dir/C_/Users/User/.pico-sdk/sdk/2.1.0/src/rp2_common/pico_mem_ops/mem_ops_aeabi.S.obj
                0x100014a8                __aeabi_mem_init
 .text.memcpy   0x100014b8        0xc CMakeFiles/semaforo.dir/C_/Users/User/.pico-sdk/sdk/2.1.0/src/rp2_common/pico_mem_ops/mem_ops_aeabi.S.obj
                0x100014b8                __wrap_memcpy
                0x100014b8                __wrap___aeabi_memcpy
 .text._out_char
                0x100014c4       0x10 CMakeFiles/semaforo.dir/C_/Users/User/.pico-sdk/sdk/2.1.0/src/rp2_common/pico_printf/printf.c.obj
 .text.weak_raw_vprintf
                0x100014d4       0x30 CMakeFiles/semaforo.dir/C_/Users/User/.pico-sdk/sdk/2.1.0/src/rp2_common/pico_printf/printf.c.obj
                0x100014d4                weak_raw_vprintf
 .text._exit    0x10001504        0x4 CMakeFiles/semaforo.dir/C_/Users/User/.pico-sdk/sdk/2.1.0/src/rp2_common/pico_clib_interface/newlib_interface.c.obj
                0x10001504                _exit
 .text.exit     0x10001508        0x8 CMakeFiles/semaforo.dir/C_/Users/User/.pico-sdk/sdk/2.1.0/src/rp2_common/pico_clib_interface/newlib_interface.c.obj
                0x10001508                exit
 .text.runtime_init
                0x10001510       0x2c CMakeFiles/semaforo.dir/C_/Users/User/.pico-sdk/sdk/2.1.0/src/rp2_common/pico_clib_interface/newlib_interface.c.obj
                0x10001510                runtime_init
 .text.stdio_out_chars_no_crlf
                0x1000153c       0x10 CMakeFiles/semaforo.dir/C_/Users/User/.pico-sdk/sdk/2.1.0/src/rp2_common/pico_stdio/stdio.c.obj
 .text.stdio_out_chars_crlf
                0x1000154c       0x94 CMakeFiles/semaforo.dir/C_/Users/User/.pico-sdk/sdk/2.1.0/src/rp2_common/pico_stdio/stdio.c.obj
 .text.stdio_put_string
                0x100015e0      0x100 CMakeFiles/semaforo.dir/C_/Users/User/.pico-sdk/sdk/2.1.0/src/rp2_common/pico_stdio/stdio.c.obj
                0x100015e0                stdio_put_string
 .text.stdio_init_all
                0x100016e0        0x4 CMakeFiles/semaforo.dir/C_/Users/User/.pico-sdk/sdk/2.1.0/src/rp2_common/pico_stdio/stdio.c.obj
                0x100016e0                stdio_init_all
 .text.__wrap_putchar
                0x100016e4       0x98 CMakeFiles/semaforo.dir/C_/Users/User/.pico-sdk/sdk/2.1.0/src/rp2_common/pico_stdio/stdio.c.obj
                0x100016e4                __wrap_putchar
                0x100016e4                stdio_putchar
 .text.__wrap_puts
                0x1000177c       0x3c CMakeFiles/semaforo.dir/C_/Users/User/.pico-sdk/sdk/2.1.0/src/rp2_common/pico_stdio/stdio.c.obj
                0x1000177c                stdio_puts
                0x1000177c                __wrap_puts
 .text.strlen   0x100017b8       0x5c C:/Users/User/.pico-sdk/toolchain/13_3_Rel1/bin/../lib/gcc/arm-none-eabi/13.3.1/thumb/v6-m/nofp\libg.a(libc_a-strlen-stub.o)
                0x100017b8                strlen
 *(.fini)
 .fini          0x10001814        0x4 C:/Users/User/.pico-sdk/toolchain/13_3_Rel1/bin/../lib/gcc/arm-none-eabi/13.3.1/thumb/v6-m/nofp/crti.o
                0x10001814                _fini
 .fini.__stub   0x10001818       0x30 linker stubs
 *crtbegin.o(.ctors)
 *crtbegin?.o(.ctors)
 *(EXCLUDE_FILE(*crtend.o *crtend?.o) .ctors)
 *(SORT_BY_NAME(.ctors.*))
 *(.ctors)
 *crtbegin.o(.dtors)
 *crtbegin?.o(.dtors)
 *(EXCLUDE_FILE(*crtend.o *crtend?.o) .dtors)
 *(SORT_BY_NAME(.dtors.*))
 *(.dtors)
                0x10001848                        . = ALIGN (0x4)
                0x10001848                        PROVIDE (__preinit_array_start = .)
 *(SORT_BY_NAME(.preinit_array.*))
 .preinit_array.00100
                0x10001848        0x4 CMakeFiles/semaforo.dir/C_/Users/User/.pico-sdk/sdk/2.1.0/src/rp2_common/pico_runtime_init/runtime_init.c.obj
                0x10001848                __pre_init_runtime_init_early_resets
 .preinit_array.00101
                0x1000184c        0x4 CMakeFiles/semaforo.dir/C_/Users/User/.pico-sdk/sdk/2.1.0/src/rp2_common/pico_runtime_init/runtime_init.c.obj
                0x1000184c                __pre_init_runtime_init_usb_power_down
 .preinit_array.00275
                0x10001850        0x4 CMakeFiles/semaforo.dir/C_/Users/User/.pico-sdk/sdk/2.1.0/src/rp2_common/pico_bit_ops/bit_ops_aeabi.S.obj
 .preinit_array.00300
                0x10001854        0x4 CMakeFiles/semaforo.dir/C_/Users/User/.pico-sdk/sdk/2.1.0/src/rp2_common/pico_mem_ops/mem_ops_aeabi.S.obj
 .preinit_array.00350
                0x10001858        0x4 CMakeFiles/semaforo.dir/C_/Users/User/.pico-sdk/sdk/2.1.0/src/rp2_common/pico_double/double_aeabi_rp2040.S.obj
 .preinit_array.00350
                0x1000185c        0x4 CMakeFiles/semaforo.dir/C_/Users/User/.pico-sdk/sdk/2.1.0/src/rp2_common/pico_float/float_aeabi_rp2040.S.obj
 .preinit_array.00500
                0x10001860        0x4 CMakeFiles/semaforo.dir/C_/Users/User/.pico-sdk/sdk/2.1.0/src/rp2_common/pico_runtime_init/runtime_init.c.obj
                0x10001860                __pre_init_runtime_init_clocks
 .preinit_array.00600
                0x10001864        0x4 CMakeFiles/semaforo.dir/C_/Users/User/.pico-sdk/sdk/2.1.0/src/rp2_common/pico_runtime_init/runtime_init.c.obj
                0x10001864                __pre_init_runtime_init_post_clock_resets
 .preinit_array.00700
                0x10001868        0x4 CMakeFiles/semaforo.dir/C_/Users/User/.pico-sdk/sdk/2.1.0/src/rp2_common/pico_runtime_init/runtime_init.c.obj
                0x10001868                __pre_init_runtime_init_rp2040_gpio_ie_disable
 .preinit_array.01000
                0x1000186c        0x4 CMakeFiles/semaforo.dir/C_/Users/User/.pico-sdk/sdk/2.1.0/src/rp2_common/pico_runtime_init/runtime_init.c.obj
                0x1000186c                __pre_init_runtime_init_spin_locks_reset
 .preinit_array.01100
                0x10001870        0x4 CMakeFiles/semaforo.dir/C_/Users/User/.pico-sdk/sdk/2.1.0/src/common/pico_sync/mutex.c.obj
                0x10001870                __pre_init_runtime_init_mutex
 .preinit_array.10080
                0x10001874        0x4 CMakeFiles/semaforo.dir/C_/Users/User/.pico-sdk/sdk/2.1.0/src/rp2_common/pico_runtime_init/runtime_init.c.obj
                0x10001874                __pre_init_runtime_init_install_ram_vector_table
 .preinit_array.11000
                0x10001878        0x4 CMakeFiles/semaforo.dir/C_/Users/User/.pico-sdk/sdk/2.1.0/src/common/pico_time/time.c.obj
                0x10001878                __pre_init_runtime_init_default_alarm_pool
 .preinit_array.YYYYY
                0x1000187c        0x4 CMakeFiles/semaforo.dir/C_/Users/User/.pico-sdk/sdk/2.1.0/src/rp2_common/pico_runtime/runtime.c.obj
                0x1000187c                __pre_init_first_per_core_initializer
 .preinit_array.ZZZZZ.01200
                0x10001880        0x4 CMakeFiles/semaforo.dir/C_/Users/User/.pico-sdk/sdk/2.1.0/src/rp2_common/hardware_irq/irq.c.obj
                0x10001880                __pre_init_runtime_init_per_core_irq_priorities
 *(.preinit_array)
                0x10001884                        PROVIDE (__preinit_array_end = .)
                0x10001884                        . = ALIGN (0x4)
                0x10001884                        PROVIDE (__init_array_start = .)
 *(SORT_BY_NAME(.init_array.*))
 *(.init_array)
 .init_array    0x10001884        0x4 C:/Users/User/.pico-sdk/toolchain/13_3_Rel1/bin/../lib/gcc/arm-none-eabi/13.3.1/thumb/v6-m/nofp/crtbegin.o
                0x10001888                        PROVIDE (__init_array_end = .)
                0x10001888                        . = ALIGN (0x4)
                [!provide]                        PROVIDE (__fini_array_start = .)
 *(SORT_BY_NAME(.fini_array.*))
 *(.fini_array)
                [!provide]                        PROVIDE (__fini_array_end = .)
 *(.eh_frame*)
 .eh_frame      0x10001888        0x0 C:/Users/User/.pico-sdk/toolchain/13_3_Rel1/bin/../lib/gcc/arm-none-eabi/13.3.1/thumb/v6-m/nofp/crtbegin.o
                0x10001888                        . = ALIGN (0x4)

.glue_7         0x10001888        0x0
 .glue_7        0x10001888        0x0 linker stubs

.glue_7t        0x10001888        0x0
 .glue_7t       0x10001888        0x0 linker stubs

.vfp11_veneer   0x10001888        0x0
 .vfp11_veneer  0x10001888        0x0 linker stubs

.v4_bx          0x10001888        0x0
 .v4_bx         0x10001888        0x0 linker stubs

.iplt           0x10001888        0x0
 .iplt          0x10001888        0x0 C:/Users/User/.pico-sdk/toolchain/13_3_Rel1/bin/../lib/gcc/arm-none-eabi/13.3.1/thumb/v6-m/nofp/crtbegin.o

.rodata         0x10001888      0x104
 *(EXCLUDE_FILE(*libm.a: *libc.a:*lib_a-mem*.o *libgcc.a:) .rodata*)
 .rodata.panic.str1.4
                0x10001888       0xa0 CMakeFiles/semaforo.dir/C_/Users/User/.pico-sdk/sdk/2.1.0/src/rp2_common/pico_platform_panic/panic.c.obj
                                 0x12 (size before relaxing)
 .rodata.timer_hardware_alarm_claim.str1.4
                0x10001928       0x22 CMakeFiles/semaforo.dir/C_/Users/User/.pico-sdk/sdk/2.1.0/src/rp2_common/hardware_timer/timer.c.obj
 .rodata.hard_assertion_failure.str1.4
                0x10001928        0xc CMakeFiles/semaforo.dir/C_/Users/User/.pico-sdk/sdk/2.1.0/src/rp2_common/pico_runtime/runtime.c.obj
 .rodata.missing_double_func_shim.str1.4
                0x10001928       0x18 CMakeFiles/semaforo.dir/C_/Users/User/.pico-sdk/sdk/2.1.0/src/rp2_common/pico_double/double_init_rom_rp2040.c.obj
 .rodata.missing_float_func_shim.str1.4
                0x10001928        0x1 CMakeFiles/semaforo.dir/C_/Users/User/.pico-sdk/sdk/2.1.0/src/rp2_common/pico_float/float_init_rom_rp2040.c.obj
 .rodata.str1.4
                0x10001928       0x44 CMakeFiles/semaforo.dir/C_/Users/User/.pico-sdk/sdk/2.1.0/src/rp2_common/pico_standard_binary_info/standard_binary_info.c.obj
 .rodata.__bi_84
                0x10001928        0xc CMakeFiles/semaforo.dir/C_/Users/User/.pico-sdk/sdk/2.1.0/src/rp2_common/pico_standard_binary_info/standard_binary_info.c.obj
 .rodata.__bi_78
                0x10001934        0xc CMakeFiles/semaforo.dir/C_/Users/User/.pico-sdk/sdk/2.1.0/src/rp2_common/pico_standard_binary_info/standard_binary_info.c.obj
 .rodata.__bi_60
                0x10001940        0xc CMakeFiles/semaforo.dir/C_/Users/User/.pico-sdk/sdk/2.1.0/src/rp2_common/pico_standard_binary_info/standard_binary_info.c.obj
 .rodata.__bi_54
                0x1000194c        0xc CMakeFiles/semaforo.dir/C_/Users/User/.pico-sdk/sdk/2.1.0/src/rp2_common/pico_standard_binary_info/standard_binary_info.c.obj
 .rodata.__bi_48
                0x10001958        0xc CMakeFiles/semaforo.dir/C_/Users/User/.pico-sdk/sdk/2.1.0/src/rp2_common/pico_standard_binary_info/standard_binary_info.c.obj
 .rodata.__bi_42
                0x10001964        0xc CMakeFiles/semaforo.dir/C_/Users/User/.pico-sdk/sdk/2.1.0/src/rp2_common/pico_standard_binary_info/standard_binary_info.c.obj
 .rodata.__bi_34
                0x10001970        0xc CMakeFiles/semaforo.dir/C_/Users/User/.pico-sdk/sdk/2.1.0/src/rp2_common/pico_standard_binary_info/standard_binary_info.c.obj
 .rodata.__bi_26
                0x1000197c        0xc CMakeFiles/semaforo.dir/C_/Users/User/.pico-sdk/sdk/2.1.0/src/rp2_common/pico_standard_binary_info/standard_binary_info.c.obj
 .rodata.crlf_str.0
                0x10001988        0x2 CMakeFiles/semaforo.dir/C_/Users/User/.pico-sdk/sdk/2.1.0/src/rp2_common/pico_stdio/stdio.c.obj
                0x1000198c                        . = ALIGN (0x4)
 *fill*         0x1000198a        0x2 
 *(SORT_BY_ALIGNMENT(SORT_BY_NAME(.flashdata*)))
                0x1000198c                        . = ALIGN (0x4)

.ARM.extab
 *(.ARM.extab* .gnu.linkonce.armextab.*)
                0x1000198c                        __exidx_start = .

.ARM.exidx
 *(.ARM.exidx* .gnu.linkonce.armexidx.*)
                0x1000198c                        __exidx_end = .
                0x1000198c                        . = ALIGN (0x4)
                0x1000198c                        __binary_info_start = .

.binary_info    0x1000198c       0x20
 *(.binary_info.keep.*)
 .binary_info.keep.__bi_ptr84
                0x1000198c        0x4 CMakeFiles/semaforo.dir/C_/Users/User/.pico-sdk/sdk/2.1.0/src/rp2_common/pico_standard_binary_info/standard_binary_info.c.obj
 .binary_info.keep.__bi_ptr78
                0x10001990        0x4 CMakeFiles/semaforo.dir/C_/Users/User/.pico-sdk/sdk/2.1.0/src/rp2_common/pico_standard_binary_info/standard_binary_info.c.obj
 .binary_info.keep.__bi_ptr60
                0x10001994        0x4 CMakeFiles/semaforo.dir/C_/Users/User/.pico-sdk/sdk/2.1.0/src/rp2_common/pico_standard_binary_info/standard_binary_info.c.obj
 .binary_info.keep.__bi_ptr54
                0x10001998        0x4 CMakeFiles/semaforo.dir/C_/Users/User/.pico-sdk/sdk/2.1.0/src/rp2_common/pico_standard_binary_info/standard_binary_info.c.obj
 .binary_info.keep.__bi_ptr48
                0x1000199c        0x4 CMakeFiles/semaforo.dir/C_/Users/User/.pico-sdk/sdk/2.1.0/src/rp2_common/pico_standard_binary_info/standard_binary_info.c.obj
 .binary_info.keep.__bi_ptr42
                0x100019a0        0x4 CMakeFiles/semaforo.dir/C_/Users/User/.pico-sdk/sdk/2.1.0/src/rp2_common/pico_standard_binary_info/standard_binary_info.c.obj
 .binary_info.keep.__bi_ptr34
                0x100019a4        0x4 CMakeFiles/semaforo.dir/C_/Users/User/.pico-sdk/sdk/2.1.0/src/rp2_common/pico_standard_binary_info/standard_binary_info.c.obj
 .binary_info.keep.__bi_ptr26
                0x100019a8        0x4 CMakeFiles/semaforo.dir/C_/Users/User/.pico-sdk/sdk/2.1.0/src/rp2_common/pico_standard_binary_info/standard_binary_info.c.obj
 *(.binary_info.*)
                0x100019ac                        __binary_info_end = .

.rel.dyn        0x100019ac        0x0
 .rel.iplt      0x100019ac        0x0 C:/Users/User/.pico-sdk/toolchain/13_3_Rel1/bin/../lib/gcc/arm-none-eabi/13.3.1/thumb/v6-m/nofp/crtbegin.o
                0x100019ac                        . = ALIGN (0x4)

.ram_vector_table
                0x20000000       0xc0
 *(.ram_vector_table)
 .ram_vector_table
                0x20000000       0xc0 CMakeFiles/semaforo.dir/C_/Users/User/.pico-sdk/sdk/2.1.0/src/rp2_common/pico_runtime_init/runtime_init.c.obj
                0x20000000                ram_vector_table

.uninitialized_data
                0x200000c0        0x0
                0x200000c0                        . = ALIGN (0x4)
 *(.uninitialized_data*)

.data           0x200000c0      0x128 load address 0x100019ac
                0x200000c0                        __data_start__ = .
 *(vtable)
 *(.time_critical*)
 .time_critical.mutex_try_enter_block_until
                0x200000c0       0x9c CMakeFiles/semaforo.dir/C_/Users/User/.pico-sdk/sdk/2.1.0/src/common/pico_sync/mutex.c.obj
                0x200000c0                mutex_try_enter_block_until
 .time_critical.mutex_exit
                0x2000015c       0x28 CMakeFiles/semaforo.dir/C_/Users/User/.pico-sdk/sdk/2.1.0/src/common/pico_sync/mutex.c.obj
                0x2000015c                mutex_exit
 *(.text*)
 .text          0x20000184        0x4 C:/Users/User/.pico-sdk/toolchain/13_3_Rel1/bin/../lib/gcc/arm-none-eabi/13.3.1/thumb/v6-m/nofp\libgcc.a(_dvmd_tls.o)
                0x20000184                __aeabi_idiv0
                0x20000184                __aeabi_ldiv0
 .text.__stub   0x20000188       0x10 linker stubs
                0x20000198                        . = ALIGN (0x4)
 *(.rodata*)
                0x20000198                        . = ALIGN (0x4)
 *(.data*)
 .data.striped_spin_lock_num
                0x20000198        0x1 CMakeFiles/semaforo.dir/C_/Users/User/.pico-sdk/sdk/2.1.0/src/rp2_common/hardware_sync/sync.c.obj
 *fill*         0x20000199        0x3 
 .data.default_alarm_pool
                0x2000019c       0x18 CMakeFiles/semaforo.dir/C_/Users/User/.pico-sdk/sdk/2.1.0/src/common/pico_time/time.c.obj
 *fill*         0x200001b4        0xc 
 .data.aeabi_bits_funcs
                0x200001c0       0x10 CMakeFiles/semaforo.dir/C_/Users/User/.pico-sdk/sdk/2.1.0/src/rp2_common/pico_bit_ops/bit_ops_aeabi.S.obj
                0x200001c0                aeabi_bits_funcs
                0x200001d0                aeabi_bits_funcs_end
 .data.aeabi_mem_funcs
                0x200001d0       0x10 CMakeFiles/semaforo.dir/C_/Users/User/.pico-sdk/sdk/2.1.0/src/rp2_common/pico_mem_ops/mem_ops_aeabi.S.obj
                0x200001d0                aeabi_mem_funcs
                0x200001e0                aeabi_mem_funcs_end
                0x200001e0                        . = ALIGN (0x4)
 *(.after_data.*)
                0x200001e0                        . = ALIGN (0x4)
                0x200001e0                        PROVIDE (__mutex_array_start = .)
 *(SORT_BY_NAME(.mutex_array.*))
 *(.mutex_array)
 .mutex_array   0x200001e0        0x8 CMakeFiles/semaforo.dir/C_/Users/User/.pico-sdk/sdk/2.1.0/src/rp2_common/pico_stdio/stdio.c.obj
                0x200001e8                        PROVIDE (__mutex_array_end = .)
                0x200001e8                        . = ALIGN (0x4)
 *(.jcr)
                0x200001e8                        . = ALIGN (0x4)

.tm_clone_table
                0x200001e8        0x0 load address 0x10001ad4
 .tm_clone_table
                0x200001e8        0x0 C:/Users/User/.pico-sdk/toolchain/13_3_Rel1/bin/../lib/gcc/arm-none-eabi/13.3.1/thumb/v6-m/nofp/crtbegin.o
 .tm_clone_table
                0x200001e8        0x0 C:/Users/User/.pico-sdk/toolchain/13_3_Rel1/bin/../lib/gcc/arm-none-eabi/13.3.1/thumb/v6-m/nofp/crtend.o

.igot.plt       0x200001e8        0x0 load address 0x10001ad4
 .igot.plt      0x200001e8        0x0 C:/Users/User/.pico-sdk/toolchain/13_3_Rel1/bin/../lib/gcc/arm-none-eabi/13.3.1/thumb/v6-m/nofp/crtbegin.o

.tdata          0x200001e8        0x0 load address 0x10001ad4
                0x200001e8                        . = ALIGN (0x4)
 *(.tdata .tdata.* .gnu.linkonce.td.*)
                0x200001e8                        __tdata_end = .
                0x200001e8                        PROVIDE (__data_end__ = .)
                0x100019ac                        __etext = LOADADDR (.data)

.tbss           0x200001e8        0x0 load address 0x10001ad4
                0x200001e8                        . = ALIGN (0x4)
                0x200001e8                        __bss_start__ = .
                0x200001e8                        __tls_base = .
 *(.tbss .tbss.* .gnu.linkonce.tb.*)
 *(.tcommon)
                0x200001e8                        __tls_end = .

.bss            0x200001e8      0x3ec load address 0x10001ad4
                0x200001e8                        . = ALIGN (0x4)
                0x200001e8                        __tbss_end = .
 *(SORT_BY_ALIGNMENT(SORT_BY_NAME(.bss*)))
 .bss.default_alarm_pool_entries
                0x200001e8      0x180 CMakeFiles/semaforo.dir/C_/Users/User/.pico-sdk/sdk/2.1.0/src/common/pico_time/time.c.obj
 .bss.sd_table  0x20000368      0x100 CMakeFiles/semaforo.dir/C_/Users/User/.pico-sdk/sdk/2.1.0/src/rp2_common/pico_double/double_init_rom_rp2040.c.obj
                0x20000368                sd_table
 .bss.claimed   0x20000468        0x1 CMakeFiles/semaforo.dir/C_/Users/User/.pico-sdk/sdk/2.1.0/src/rp2_common/hardware_timer/timer.c.obj
 *fill*         0x20000469        0x3 
 .bss.configured_freq
                0x2000046c       0x28 CMakeFiles/semaforo.dir/C_/Users/User/.pico-sdk/sdk/2.1.0/src/rp2_common/hardware_clocks/clocks.c.obj
 .bss.drivers   0x20000494        0x4 CMakeFiles/semaforo.dir/C_/Users/User/.pico-sdk/sdk/2.1.0/src/rp2_common/pico_stdio/stdio.c.obj
 .bss.filter    0x20000498        0x4 CMakeFiles/semaforo.dir/C_/Users/User/.pico-sdk/sdk/2.1.0/src/rp2_common/pico_stdio/stdio.c.obj
 .bss.lazy_vsnprintf
                0x2000049c        0x4 CMakeFiles/semaforo.dir/C_/Users/User/.pico-sdk/sdk/2.1.0/src/rp2_common/pico_printf/printf.c.obj
 .bss.object.0  0x200004a0       0x18 C:/Users/User/.pico-sdk/toolchain/13_3_Rel1/bin/../lib/gcc/arm-none-eabi/13.3.1/thumb/v6-m/nofp/crtbegin.o
 .bss.pools     0x200004b8       0x10 CMakeFiles/semaforo.dir/C_/Users/User/.pico-sdk/sdk/2.1.0/src/common/pico_time/time.c.obj
 .bss.sf_clz_func
                0x200004c8        0x4 CMakeFiles/semaforo.dir/C_/Users/User/.pico-sdk/sdk/2.1.0/src/rp2_common/pico_double/double_init_rom_rp2040.c.obj
                0x200004c8                sf_clz_func
 .bss.sf_table  0x200004cc      0x100 CMakeFiles/semaforo.dir/C_/Users/User/.pico-sdk/sdk/2.1.0/src/rp2_common/pico_float/float_init_rom_rp2040.c.obj
                0x200004cc                sf_table
 .bss.sleep_notifier
                0x200005cc        0x4 CMakeFiles/semaforo.dir/C_/Users/User/.pico-sdk/sdk/2.1.0/src/common/pico_time/time.c.obj
 .bss.state     0x200005d0        0x4 CMakeFiles/semaforo.dir/semaforo.c.obj
                0x200005d0                state
 *(COMMON)
                0x200005d4                        . = ALIGN (0x4)
                0x200005d4                        __bss_end__ = .

.heap           0x200005d4      0x800 load address 0x10001ad4
                0x200005d4                        __end__ = .
                0x200005d4                        end = __end__
 *(.heap*)
 .heap          0x200005d4      0x800 CMakeFiles/semaforo.dir/C_/Users/User/.pico-sdk/sdk/2.1.0/src/rp2_common/pico_crt0/crt0.S.obj
                0x20040000                        __HeapLimit = (ORIGIN (RAM) + LENGTH (RAM))

.scratch_x      0x20040000        0x0 load address 0x10001ad4
                0x20040000                        __scratch_x_start__ = .
 *(.scratch_x.*)
                0x20040000                        . = ALIGN (0x4)
                0x20040000                        __scratch_x_end__ = .
                0x10001ad4                        __scratch_x_source__ = LOADADDR (.scratch_x)

.scratch_y      0x20041000        0x0 load address 0x10001ad4
                0x20041000                        __scratch_y_start__ = .
 *(.scratch_y.*)
                0x20041000                        . = ALIGN (0x4)
                0x20041000                        __scratch_y_end__ = .
                0x10001ad4                        __scratch_y_source__ = LOADADDR (.scratch_y)

.stack1_dummy
 *(.stack1*)

.stack_dummy    0x20041000      0x800
 *(.stack*)
 .stack         0x20041000      0x800 CMakeFiles/semaforo.dir/C_/Users/User/.pico-sdk/sdk/2.1.0/src/rp2_common/pico_crt0/crt0.S.obj

.flash_end      0x10001ad4        0x0
 *(.embedded_end_block*)
                0x10001ad4                        PROVIDE (__flash_binary_end = .)
                0x20040000                        __StackLimit = (ORIGIN (RAM) + LENGTH (RAM))
                0x20041000                        __StackOneTop = (ORIGIN (SCRATCH_X) + LENGTH (SCRATCH_X))
                0x20042000                        __StackTop = (ORIGIN (SCRATCH_Y) + LENGTH (SCRATCH_Y))
                0x20041000                        __StackOneBottom = (__StackOneTop - SIZEOF (.stack1_dummy))
                0x20041800                        __StackBottom = (__StackTop - SIZEOF (.stack_dummy))
                0x20042000                        PROVIDE (__stack = __StackTop)
                [!provide]                        PROVIDE (__heap_start = __end__)
                [!provide]                        PROVIDE (__heap_end = __HeapLimit)
                [!provide]                        PROVIDE (__tls_align = MAX (ALIGNOF (.tdata), ALIGNOF (.tbss)))
                [!provide]                        PROVIDE (__tls_size_align = (((__tls_size + __tls_align) - 0x1) & ~ ((__tls_align - 0x1))))
                [!provide]                        PROVIDE (__arm32_tls_tcb_offset = MAX (0x8, __tls_align))
                [!provide]                        PROVIDE (_end = __end__)
                [!provide]                        PROVIDE (__llvm_libc_heap_limit = __HeapLimit)
                0x00000001                        ASSERT ((__StackLimit >= __HeapLimit), region RAM overflowed)
                0x00000001                        ASSERT (((__binary_info_header_end - __logical_binary_start) <= 0x100), Binary info must be in first 256 bytes of the binary)
LOAD CMakeFiles/semaforo.dir/semaforo.c.obj
LOAD CMakeFiles/semaforo.dir/C_/Users/User/.pico-sdk/sdk/2.1.0/src/rp2_common/pico_stdlib/stdlib.c.obj
LOAD CMakeFiles/semaforo.dir/C_/Users/User/.pico-sdk/sdk/2.1.0/src/rp2_common/hardware_gpio/gpio.c.obj
LOAD CMakeFiles/semaforo.dir/C_/Users/User/.pico-sdk/sdk/2.1.0/src/rp2040/pico_platform/platform.c.obj
LOAD CMakeFiles/semaforo.dir/C_/Users/User/.pico-sdk/sdk/2.1.0/src/rp2_common/pico_platform_panic/panic.c.obj
LOAD CMakeFiles/semaforo.dir/C_/Users/User/.pico-sdk/sdk/2.1.0/src/common/hardware_claim/claim.c.obj
LOAD CMakeFiles/semaforo.dir/C_/Users/User/.pico-sdk/sdk/2.1.0/src/rp2_common/hardware_sync/sync.c.obj
LOAD CMakeFiles/semaforo.dir/C_/Users/User/.pico-sdk/sdk/2.1.0/src/rp2_common/hardware_sync_spin_lock/sync_spin_lock.c.obj
LOAD CMakeFiles/semaforo.dir/C_/Users/User/.pico-sdk/sdk/2.1.0/src/rp2_common/hardware_irq/irq.c.obj
LOAD CMakeFiles/semaforo.dir/C_/Users/User/.pico-sdk/sdk/2.1.0/src/rp2_common/hardware_irq/irq_handler_chain.S.obj
LOAD CMakeFiles/semaforo.dir/C_/Users/User/.pico-sdk/sdk/2.1.0/src/common/pico_sync/sem.c.obj
LOAD CMakeFiles/semaforo.dir/C_/Users/User/.pico-sdk/sdk/2.1.0/src/common/pico_sync/lock_core.c.obj
LOAD CMakeFiles/semaforo.dir/C_/Users/User/.pico-sdk/sdk/2.1.0/src/common/pico_sync/mutex.c.obj
LOAD CMakeFiles/semaforo.dir/C_/Users/User/.pico-sdk/sdk/2.1.0/src/common/pico_sync/critical_section.c.obj
LOAD CMakeFiles/semaforo.dir/C_/Users/User/.pico-sdk/sdk/2.1.0/src/common/pico_time/time.c.obj
LOAD CMakeFiles/semaforo.dir/C_/Users/User/.pico-sdk/sdk/2.1.0/src/common/pico_time/timeout_helper.c.obj
LOAD CMakeFiles/semaforo.dir/C_/Users/User/.pico-sdk/sdk/2.1.0/src/rp2_common/hardware_timer/timer.c.obj
LOAD CMakeFiles/semaforo.dir/C_/Users/User/.pico-sdk/sdk/2.1.0/src/common/pico_util/datetime.c.obj
LOAD CMakeFiles/semaforo.dir/C_/Users/User/.pico-sdk/sdk/2.1.0/src/common/pico_util/pheap.c.obj
LOAD CMakeFiles/semaforo.dir/C_/Users/User/.pico-sdk/sdk/2.1.0/src/common/pico_util/queue.c.obj
LOAD CMakeFiles/semaforo.dir/C_/Users/User/.pico-sdk/sdk/2.1.0/src/rp2_common/hardware_uart/uart.c.obj
LOAD CMakeFiles/semaforo.dir/C_/Users/User/.pico-sdk/sdk/2.1.0/src/rp2_common/hardware_clocks/clocks.c.obj
LOAD CMakeFiles/semaforo.dir/C_/Users/User/.pico-sdk/sdk/2.1.0/src/rp2_common/hardware_pll/pll.c.obj
LOAD CMakeFiles/semaforo.dir/C_/Users/User/.pico-sdk/sdk/2.1.0/src/rp2_common/hardware_vreg/vreg.c.obj
LOAD CMakeFiles/semaforo.dir/C_/Users/User/.pico-sdk/sdk/2.1.0/src/rp2_common/hardware_watchdog/watchdog.c.obj
LOAD CMakeFiles/semaforo.dir/C_/Users/User/.pico-sdk/sdk/2.1.0/src/rp2_common/hardware_ticks/ticks.c.obj
LOAD CMakeFiles/semaforo.dir/C_/Users/User/.pico-sdk/sdk/2.1.0/src/rp2_common/pico_bootrom/bootrom.c.obj
LOAD CMakeFiles/semaforo.dir/C_/Users/User/.pico-sdk/sdk/2.1.0/src/rp2_common/pico_bootrom/bootrom_lock.c.obj
LOAD CMakeFiles/semaforo.dir/C_/Users/User/.pico-sdk/sdk/2.1.0/src/rp2_common/hardware_boot_lock/boot_lock.c.obj
LOAD CMakeFiles/semaforo.dir/C_/Users/User/.pico-sdk/sdk/2.1.0/src/rp2_common/pico_flash/flash.c.obj
LOAD CMakeFiles/semaforo.dir/C_/Users/User/.pico-sdk/sdk/2.1.0/src/rp2_common/hardware_xosc/xosc.c.obj
LOAD CMakeFiles/semaforo.dir/C_/Users/User/.pico-sdk/sdk/2.1.0/src/rp2_common/hardware_divider/divider.S.obj
LOAD CMakeFiles/semaforo.dir/C_/Users/User/.pico-sdk/sdk/2.1.0/src/rp2_common/pico_runtime/runtime.c.obj
LOAD CMakeFiles/semaforo.dir/C_/Users/User/.pico-sdk/sdk/2.1.0/src/rp2_common/pico_runtime_init/runtime_init.c.obj
LOAD CMakeFiles/semaforo.dir/C_/Users/User/.pico-sdk/sdk/2.1.0/src/rp2_common/pico_runtime_init/runtime_init_clocks.c.obj
LOAD CMakeFiles/semaforo.dir/C_/Users/User/.pico-sdk/sdk/2.1.0/src/rp2_common/pico_runtime_init/runtime_init_stack_guard.c.obj
LOAD CMakeFiles/semaforo.dir/C_/Users/User/.pico-sdk/sdk/2.1.0/src/rp2_common/pico_bit_ops/bit_ops_aeabi.S.obj
LOAD CMakeFiles/semaforo.dir/C_/Users/User/.pico-sdk/sdk/2.1.0/src/rp2_common/pico_divider/divider_hardware.S.obj
LOAD CMakeFiles/semaforo.dir/C_/Users/User/.pico-sdk/sdk/2.1.0/src/rp2_common/pico_double/double_aeabi_rp2040.S.obj
LOAD CMakeFiles/semaforo.dir/C_/Users/User/.pico-sdk/sdk/2.1.0/src/rp2_common/pico_double/double_init_rom_rp2040.c.obj
LOAD CMakeFiles/semaforo.dir/C_/Users/User/.pico-sdk/sdk/2.1.0/src/rp2_common/pico_double/double_math.c.obj
LOAD CMakeFiles/semaforo.dir/C_/Users/User/.pico-sdk/sdk/2.1.0/src/rp2_common/pico_double/double_v1_rom_shim_rp2040.S.obj
LOAD CMakeFiles/semaforo.dir/C_/Users/User/.pico-sdk/sdk/2.1.0/src/rp2_common/pico_int64_ops/pico_int64_ops_aeabi.S.obj
LOAD CMakeFiles/semaforo.dir/C_/Users/User/.pico-sdk/sdk/2.1.0/src/rp2_common/pico_float/float_aeabi_rp2040.S.obj
LOAD CMakeFiles/semaforo.dir/C_/Users/User/.pico-sdk/sdk/2.1.0/src/rp2_common/pico_float/float_init_rom_rp2040.c.obj
LOAD CMakeFiles/semaforo.dir/C_/Users/User/.pico-sdk/sdk/2.1.0/src/rp2_common/pico_float/float_math.c.obj
LOAD CMakeFiles/semaforo.dir/C_/Users/User/.pico-sdk/sdk/2.1.0/src/rp2_common/pico_float/float_v1_rom_shim_rp2040.S.obj
LOAD CMakeFiles/semaforo.dir/C_/Users/User/.pico-sdk/sdk/2.1.0/src/rp2_common/pico_malloc/malloc.c.obj
LOAD CMakeFiles/semaforo.dir/C_/Users/User/.pico-sdk/sdk/2.1.0/src/rp2_common/pico_mem_ops/mem_ops_aeabi.S.obj
LOAD CMakeFiles/semaforo.dir/C_/Users/User/.pico-sdk/sdk/2.1.0/src/rp2_common/pico_atomic/atomic.c.obj
LOAD CMakeFiles/semaforo.dir/C_/Users/User/.pico-sdk/sdk/2.1.0/src/rp2_common/pico_cxx_options/new_delete.cpp.obj
LOAD CMakeFiles/semaforo.dir/C_/Users/User/.pico-sdk/sdk/2.1.0/src/rp2_common/pico_standard_binary_info/standard_binary_info.c.obj
LOAD CMakeFiles/semaforo.dir/C_/Users/User/.pico-sdk/sdk/2.1.0/src/rp2_common/pico_printf/printf.c.obj
LOAD CMakeFiles/semaforo.dir/C_/Users/User/.pico-sdk/sdk/2.1.0/src/rp2_common/pico_crt0/crt0.S.obj
LOAD CMakeFiles/semaforo.dir/C_/Users/User/.pico-sdk/sdk/2.1.0/src/rp2_common/pico_clib_interface/newlib_interface.c.obj
LOAD CMakeFiles/semaforo.dir/C_/Users/User/.pico-sdk/sdk/2.1.0/src/rp2_common/pico_stdio/stdio.c.obj
LOAD pico-sdk/src/rp2040/boot_stage2/CMakeFiles/bs2_default_library.dir/./bs2_default_padded_checksummed.S.obj
LOAD C:/Users/User/.pico-sdk/toolchain/13_3_Rel1/bin/../lib/gcc/arm-none-eabi/13.3.1/thumb/v6-m/nofp\libstdc++.a
LOAD C:/Users/User/.pico-sdk/toolchain/13_3_Rel1/bin/../lib/gcc/arm-none-eabi/13.3.1/thumb/v6-m/nofp\libm.a
START GROUP
LOAD C:/Users/User/.pico-sdk/toolchain/13_3_Rel1/bin/../lib/gcc/arm-none-eabi/13.3.1/thumb/v6-m/nofp\libgcc.a
LOAD C:/Users/User/.pico-sdk/toolchain/13_3_Rel1/bin/../lib/gcc/arm-none-eabi/13.3.1/thumb/v6-m/nofp\libg.a
LOAD C:/Users/User/.pico-sdk/toolchain/13_3_Rel1/bin/../lib/gcc/arm-none-eabi/13.3.1/thumb/v6-m/nofp\libc.a
END GROUP
START GROUP
LOAD C:/Users/User/.pico-sdk/toolchain/13_3_Rel1/bin/../lib/gcc/arm-none-eabi/13.3.1/thumb/v6-m/nofp\libgcc.a
LOAD C:/Users/User/.pico-sdk/toolchain/13_3_Rel1/bin/../lib/gcc/arm-none-eabi/13.3.1/thumb/v6-m/nofp\libc.a
LOAD C:/Users/User/.pico-sdk/toolchain/13_3_Rel1/bin/../lib/gcc/arm-none-eabi/13.3.1/thumb/v6-m/nofp\libnosys.a
END GROUP
LOAD C:/Users/User/.pico-sdk/toolchain/13_3_Rel1/bin/../lib/gcc/arm-none-eabi/13.3.1/thumb/v6-m/nofp/crtend.o
LOAD C:/Users/User/.pico-sdk/toolchain/13_3_Rel1/bin/../lib/gcc/arm-none-eabi/13.3.1/thumb/v6-m/nofp/crtn.o
OUTPUT(semaforo.elf elf32-littlearm)
LOAD linker stubs

.ARM.attributes
                0x00000000       0x28
 .ARM.attributes
                0x00000000       0x1e C:/Users/User/.pico-sdk/toolchain/13_3_Rel1/bin/../lib/gcc/arm-none-eabi/13.3.1/thumb/v6-m/nofp/crti.o
 .ARM.attributes
                0x0000001e       0x2c C:/Users/User/.pico-sdk/toolchain/13_3_Rel1/bin/../lib/gcc/arm-none-eabi/13.3.1/thumb/v6-m/nofp/crtbegin.o
 .ARM.attributes
                0x0000004a       0x2c CMakeFiles/semaforo.dir/semaforo.c.obj
 .ARM.attributes
                0x00000076       0x2c CMakeFiles/semaforo.dir/C_/Users/User/.pico-sdk/sdk/2.1.0/src/rp2_common/hardware_gpio/gpio.c.obj
 .ARM.attributes
                0x000000a2       0x2c CMakeFiles/semaforo.dir/C_/Users/User/.pico-sdk/sdk/2.1.0/src/rp2_common/pico_platform_panic/panic.c.obj
 .ARM.attributes
                0x000000ce       0x2c CMakeFiles/semaforo.dir/C_/Users/User/.pico-sdk/sdk/2.1.0/src/common/hardware_claim/claim.c.obj
 .ARM.attributes
                0x000000fa       0x2c CMakeFiles/semaforo.dir/C_/Users/User/.pico-sdk/sdk/2.1.0/src/rp2_common/hardware_sync/sync.c.obj
 .ARM.attributes
                0x00000126       0x2c CMakeFiles/semaforo.dir/C_/Users/User/.pico-sdk/sdk/2.1.0/src/rp2_common/hardware_sync_spin_lock/sync_spin_lock.c.obj
 .ARM.attributes
                0x00000152       0x2c CMakeFiles/semaforo.dir/C_/Users/User/.pico-sdk/sdk/2.1.0/src/rp2_common/hardware_irq/irq.c.obj
 .ARM.attributes
                0x0000017e       0x2c CMakeFiles/semaforo.dir/C_/Users/User/.pico-sdk/sdk/2.1.0/src/common/pico_sync/lock_core.c.obj
 .ARM.attributes
                0x000001aa       0x2c CMakeFiles/semaforo.dir/C_/Users/User/.pico-sdk/sdk/2.1.0/src/common/pico_sync/mutex.c.obj
 .ARM.attributes
                0x000001d6       0x2c CMakeFiles/semaforo.dir/C_/Users/User/.pico-sdk/sdk/2.1.0/src/common/pico_time/time.c.obj
 .ARM.attributes
                0x00000202       0x2c CMakeFiles/semaforo.dir/C_/Users/User/.pico-sdk/sdk/2.1.0/src/rp2_common/hardware_timer/timer.c.obj
 .ARM.attributes
                0x0000022e       0x2c CMakeFiles/semaforo.dir/C_/Users/User/.pico-sdk/sdk/2.1.0/src/rp2_common/hardware_clocks/clocks.c.obj
 .ARM.attributes
                0x0000025a       0x2c CMakeFiles/semaforo.dir/C_/Users/User/.pico-sdk/sdk/2.1.0/src/rp2_common/hardware_pll/pll.c.obj
 .ARM.attributes
                0x00000286       0x2c CMakeFiles/semaforo.dir/C_/Users/User/.pico-sdk/sdk/2.1.0/src/rp2_common/hardware_ticks/ticks.c.obj
 .ARM.attributes
                0x000002b2       0x2c CMakeFiles/semaforo.dir/C_/Users/User/.pico-sdk/sdk/2.1.0/src/rp2_common/pico_bootrom/bootrom.c.obj
 .ARM.attributes
                0x000002de       0x2c CMakeFiles/semaforo.dir/C_/Users/User/.pico-sdk/sdk/2.1.0/src/rp2_common/hardware_xosc/xosc.c.obj
 .ARM.attributes
                0x0000030a       0x2c CMakeFiles/semaforo.dir/C_/Users/User/.pico-sdk/sdk/2.1.0/src/rp2_common/pico_runtime/runtime.c.obj
 .ARM.attributes
                0x00000336       0x2c CMakeFiles/semaforo.dir/C_/Users/User/.pico-sdk/sdk/2.1.0/src/rp2_common/pico_runtime_init/runtime_init.c.obj
 .ARM.attributes
                0x00000362       0x2c CMakeFiles/semaforo.dir/C_/Users/User/.pico-sdk/sdk/2.1.0/src/rp2_common/pico_runtime_init/runtime_init_clocks.c.obj
 .ARM.attributes
                0x0000038e       0x22 CMakeFiles/semaforo.dir/C_/Users/User/.pico-sdk/sdk/2.1.0/src/rp2_common/pico_bit_ops/bit_ops_aeabi.S.obj
 .ARM.attributes
                0x000003b0       0x22 CMakeFiles/semaforo.dir/C_/Users/User/.pico-sdk/sdk/2.1.0/src/rp2_common/pico_divider/divider_hardware.S.obj
 .ARM.attributes
                0x000003d2       0x22 CMakeFiles/semaforo.dir/C_/Users/User/.pico-sdk/sdk/2.1.0/src/rp2_common/pico_double/double_aeabi_rp2040.S.obj
 .ARM.attributes
                0x000003f4       0x2c CMakeFiles/semaforo.dir/C_/Users/User/.pico-sdk/sdk/2.1.0/src/rp2_common/pico_double/double_init_rom_rp2040.c.obj
 .ARM.attributes
                0x00000420       0x22 CMakeFiles/semaforo.dir/C_/Users/User/.pico-sdk/sdk/2.1.0/src/rp2_common/pico_double/double_v1_rom_shim_rp2040.S.obj
 .ARM.attributes
                0x00000442       0x22 CMakeFiles/semaforo.dir/C_/Users/User/.pico-sdk/sdk/2.1.0/src/rp2_common/pico_int64_ops/pico_int64_ops_aeabi.S.obj
 .ARM.attributes
                0x00000464       0x22 CMakeFiles/semaforo.dir/C_/Users/User/.pico-sdk/sdk/2.1.0/src/rp2_common/pico_float/float_aeabi_rp2040.S.obj
 .ARM.attributes
                0x00000486       0x2c CMakeFiles/semaforo.dir/C_/Users/User/.pico-sdk/sdk/2.1.0/src/rp2_common/pico_float/float_init_rom_rp2040.c.obj
 .ARM.attributes
                0x000004b2       0x22 CMakeFiles/semaforo.dir/C_/Users/User/.pico-sdk/sdk/2.1.0/src/rp2_common/pico_mem_ops/mem_ops_aeabi.S.obj
 .ARM.attributes
                0x000004d4       0x2c CMakeFiles/semaforo.dir/C_/Users/User/.pico-sdk/sdk/2.1.0/src/rp2_common/pico_standard_binary_info/standard_binary_info.c.obj
 .ARM.attributes
                0x00000500       0x2c CMakeFiles/semaforo.dir/C_/Users/User/.pico-sdk/sdk/2.1.0/src/rp2_common/pico_printf/printf.c.obj
 .ARM.attributes
                0x0000052c       0x22 CMakeFiles/semaforo.dir/C_/Users/User/.pico-sdk/sdk/2.1.0/src/rp2_common/pico_crt0/crt0.S.obj
 .ARM.attributes
                0x0000054e       0x2c CMakeFiles/semaforo.dir/C_/Users/User/.pico-sdk/sdk/2.1.0/src/rp2_common/pico_clib_interface/newlib_interface.c.obj
 .ARM.attributes
                0x0000057a       0x2c CMakeFiles/semaforo.dir/C_/Users/User/.pico-sdk/sdk/2.1.0/src/rp2_common/pico_stdio/stdio.c.obj
 .ARM.attributes
                0x000005a6       0x22 pico-sdk/src/rp2040/boot_stage2/CMakeFiles/bs2_default_library.dir/./bs2_default_padded_checksummed.S.obj
 .ARM.attributes
                0x000005c8       0x1e C:/Users/User/.pico-sdk/toolchain/13_3_Rel1/bin/../lib/gcc/arm-none-eabi/13.3.1/thumb/v6-m/nofp\libgcc.a(_dvmd_tls.o)
 .ARM.attributes
                0x000005e6       0x2c C:/Users/User/.pico-sdk/toolchain/13_3_Rel1/bin/../lib/gcc/arm-none-eabi/13.3.1/thumb/v6-m/nofp\libg.a(libc_a-strlen-stub.o)
 .ARM.attributes
                0x00000612       0x2c C:/Users/User/.pico-sdk/toolchain/13_3_Rel1/bin/../lib/gcc/arm-none-eabi/13.3.1/thumb/v6-m/nofp/crtend.o

.comment        0x00000000       0x45
 .comment       0x00000000       0x45 CMakeFiles/semaforo.dir/semaforo.c.obj
                                 0x46 (size before relaxing)
 .comment       0x00000045       0x46 CMakeFiles/semaforo.dir/C_/Users/User/.pico-sdk/sdk/2.1.0/src/rp2_common/hardware_gpio/gpio.c.obj
 .comment       0x00000045       0x46 CMakeFiles/semaforo.dir/C_/Users/User/.pico-sdk/sdk/2.1.0/src/rp2_common/pico_platform_panic/panic.c.obj
 .comment       0x00000045       0x46 CMakeFiles/semaforo.dir/C_/Users/User/.pico-sdk/sdk/2.1.0/src/common/hardware_claim/claim.c.obj
 .comment       0x00000045       0x46 CMakeFiles/semaforo.dir/C_/Users/User/.pico-sdk/sdk/2.1.0/src/rp2_common/hardware_sync/sync.c.obj
 .comment       0x00000045       0x46 CMakeFiles/semaforo.dir/C_/Users/User/.pico-sdk/sdk/2.1.0/src/rp2_common/hardware_sync_spin_lock/sync_spin_lock.c.obj
 .comment       0x00000045       0x46 CMakeFiles/semaforo.dir/C_/Users/User/.pico-sdk/sdk/2.1.0/src/rp2_common/hardware_irq/irq.c.obj
 .comment       0x00000045       0x46 CMakeFiles/semaforo.dir/C_/Users/User/.pico-sdk/sdk/2.1.0/src/common/pico_sync/lock_core.c.obj
 .comment       0x00000045       0x46 CMakeFiles/semaforo.dir/C_/Users/User/.pico-sdk/sdk/2.1.0/src/common/pico_sync/mutex.c.obj
 .comment       0x00000045       0x46 CMakeFiles/semaforo.dir/C_/Users/User/.pico-sdk/sdk/2.1.0/src/common/pico_time/time.c.obj
 .comment       0x00000045       0x46 CMakeFiles/semaforo.dir/C_/Users/User/.pico-sdk/sdk/2.1.0/src/rp2_common/hardware_timer/timer.c.obj
 .comment       0x00000045       0x46 CMakeFiles/semaforo.dir/C_/Users/User/.pico-sdk/sdk/2.1.0/src/rp2_common/hardware_clocks/clocks.c.obj
 .comment       0x00000045       0x46 CMakeFiles/semaforo.dir/C_/Users/User/.pico-sdk/sdk/2.1.0/src/rp2_common/hardware_pll/pll.c.obj
 .comment       0x00000045       0x46 CMakeFiles/semaforo.dir/C_/Users/User/.pico-sdk/sdk/2.1.0/src/rp2_common/hardware_ticks/ticks.c.obj
 .comment       0x00000045       0x46 CMakeFiles/semaforo.dir/C_/Users/User/.pico-sdk/sdk/2.1.0/src/rp2_common/pico_bootrom/bootrom.c.obj
 .comment       0x00000045       0x46 CMakeFiles/semaforo.dir/C_/Users/User/.pico-sdk/sdk/2.1.0/src/rp2_common/hardware_xosc/xosc.c.obj
 .comment       0x00000045       0x46 CMakeFiles/semaforo.dir/C_/Users/User/.pico-sdk/sdk/2.1.0/src/rp2_common/pico_runtime/runtime.c.obj
 .comment       0x00000045       0x46 CMakeFiles/semaforo.dir/C_/Users/User/.pico-sdk/sdk/2.1.0/src/rp2_common/pico_runtime_init/runtime_init.c.obj
 .comment       0x00000045       0x46 CMakeFiles/semaforo.dir/C_/Users/User/.pico-sdk/sdk/2.1.0/src/rp2_common/pico_runtime_init/runtime_init_clocks.c.obj
 .comment       0x00000045       0x46 CMakeFiles/semaforo.dir/C_/Users/User/.pico-sdk/sdk/2.1.0/src/rp2_common/pico_double/double_init_rom_rp2040.c.obj
 .comment       0x00000045       0x46 CMakeFiles/semaforo.dir/C_/Users/User/.pico-sdk/sdk/2.1.0/src/rp2_common/pico_float/float_init_rom_rp2040.c.obj
 .comment       0x00000045       0x46 CMakeFiles/semaforo.dir/C_/Users/User/.pico-sdk/sdk/2.1.0/src/rp2_common/pico_standard_binary_info/standard_binary_info.c.obj
 .comment       0x00000045       0x46 CMakeFiles/semaforo.dir/C_/Users/User/.pico-sdk/sdk/2.1.0/src/rp2_common/pico_printf/printf.c.obj
 .comment       0x00000045       0x46 CMakeFiles/semaforo.dir/C_/Users/User/.pico-sdk/sdk/2.1.0/src/rp2_common/pico_clib_interface/newlib_interface.c.obj
 .comment       0x00000045       0x46 CMakeFiles/semaforo.dir/C_/Users/User/.pico-sdk/sdk/2.1.0/src/rp2_common/pico_stdio/stdio.c.obj

.debug_info     0x00000000    0x19c6d
 .debug_info    0x00000000      0xcb7 CMakeFiles/semaforo.dir/semaforo.c.obj
 .debug_info    0x00000cb7     0x2437 CMakeFiles/semaforo.dir/C_/Users/User/.pico-sdk/sdk/2.1.0/src/rp2_common/hardware_gpio/gpio.c.obj
 .debug_info    0x000030ee      0x1bf CMakeFiles/semaforo.dir/C_/Users/User/.pico-sdk/sdk/2.1.0/src/rp2_common/pico_platform_panic/panic.c.obj
 .debug_info    0x000032ad      0x995 CMakeFiles/semaforo.dir/C_/Users/User/.pico-sdk/sdk/2.1.0/src/common/hardware_claim/claim.c.obj
 .debug_info    0x00003c42      0x458 CMakeFiles/semaforo.dir/C_/Users/User/.pico-sdk/sdk/2.1.0/src/rp2_common/hardware_sync/sync.c.obj
 .debug_info    0x0000409a      0x245 CMakeFiles/semaforo.dir/C_/Users/User/.pico-sdk/sdk/2.1.0/src/rp2_common/hardware_sync_spin_lock/sync_spin_lock.c.obj
 .debug_info    0x000042df     0x21a8 CMakeFiles/semaforo.dir/C_/Users/User/.pico-sdk/sdk/2.1.0/src/rp2_common/hardware_irq/irq.c.obj
 .debug_info    0x00006487      0x15f CMakeFiles/semaforo.dir/C_/Users/User/.pico-sdk/sdk/2.1.0/src/common/pico_sync/lock_core.c.obj
 .debug_info    0x000065e6     0x2803 CMakeFiles/semaforo.dir/C_/Users/User/.pico-sdk/sdk/2.1.0/src/common/pico_sync/mutex.c.obj
 .debug_info    0x00008de9     0x485e CMakeFiles/semaforo.dir/C_/Users/User/.pico-sdk/sdk/2.1.0/src/common/pico_time/time.c.obj
 .debug_info    0x0000d647     0x2b11 CMakeFiles/semaforo.dir/C_/Users/User/.pico-sdk/sdk/2.1.0/src/rp2_common/hardware_timer/timer.c.obj
 .debug_info    0x00010158     0x2935 CMakeFiles/semaforo.dir/C_/Users/User/.pico-sdk/sdk/2.1.0/src/rp2_common/hardware_clocks/clocks.c.obj
 .debug_info    0x00012a8d      0x4e5 CMakeFiles/semaforo.dir/C_/Users/User/.pico-sdk/sdk/2.1.0/src/rp2_common/hardware_pll/pll.c.obj
 .debug_info    0x00012f72      0x248 CMakeFiles/semaforo.dir/C_/Users/User/.pico-sdk/sdk/2.1.0/src/rp2_common/hardware_ticks/ticks.c.obj
 .debug_info    0x000131ba      0x633 CMakeFiles/semaforo.dir/C_/Users/User/.pico-sdk/sdk/2.1.0/src/rp2_common/pico_bootrom/bootrom.c.obj
 .debug_info    0x000137ed      0x1cc CMakeFiles/semaforo.dir/C_/Users/User/.pico-sdk/sdk/2.1.0/src/rp2_common/hardware_xosc/xosc.c.obj
 .debug_info    0x000139b9      0x21a CMakeFiles/semaforo.dir/C_/Users/User/.pico-sdk/sdk/2.1.0/src/rp2_common/pico_runtime/runtime.c.obj
 .debug_info    0x00013bd3      0x795 CMakeFiles/semaforo.dir/C_/Users/User/.pico-sdk/sdk/2.1.0/src/rp2_common/pico_runtime_init/runtime_init.c.obj
 .debug_info    0x00014368      0x780 CMakeFiles/semaforo.dir/C_/Users/User/.pico-sdk/sdk/2.1.0/src/rp2_common/pico_runtime_init/runtime_init_clocks.c.obj
 .debug_info    0x00014ae8       0x23 CMakeFiles/semaforo.dir/C_/Users/User/.pico-sdk/sdk/2.1.0/src/rp2_common/pico_bit_ops/bit_ops_aeabi.S.obj
 .debug_info    0x00014b0b       0x23 CMakeFiles/semaforo.dir/C_/Users/User/.pico-sdk/sdk/2.1.0/src/rp2_common/pico_divider/divider_hardware.S.obj
 .debug_info    0x00014b2e       0x23 CMakeFiles/semaforo.dir/C_/Users/User/.pico-sdk/sdk/2.1.0/src/rp2_common/pico_double/double_aeabi_rp2040.S.obj
 .debug_info    0x00014b51      0x2d0 CMakeFiles/semaforo.dir/C_/Users/User/.pico-sdk/sdk/2.1.0/src/rp2_common/pico_double/double_init_rom_rp2040.c.obj
 .debug_info    0x00014e21       0x24 CMakeFiles/semaforo.dir/C_/Users/User/.pico-sdk/sdk/2.1.0/src/rp2_common/pico_double/double_v1_rom_shim_rp2040.S.obj
 .debug_info    0x00014e45       0x24 CMakeFiles/semaforo.dir/C_/Users/User/.pico-sdk/sdk/2.1.0/src/rp2_common/pico_int64_ops/pico_int64_ops_aeabi.S.obj
 .debug_info    0x00014e69       0x23 CMakeFiles/semaforo.dir/C_/Users/User/.pico-sdk/sdk/2.1.0/src/rp2_common/pico_float/float_aeabi_rp2040.S.obj
 .debug_info    0x00014e8c      0x2bc CMakeFiles/semaforo.dir/C_/Users/User/.pico-sdk/sdk/2.1.0/src/rp2_common/pico_float/float_init_rom_rp2040.c.obj
 .debug_info    0x00015148       0x23 CMakeFiles/semaforo.dir/C_/Users/User/.pico-sdk/sdk/2.1.0/src/rp2_common/pico_mem_ops/mem_ops_aeabi.S.obj
 .debug_info    0x0001516b      0x2e2 CMakeFiles/semaforo.dir/C_/Users/User/.pico-sdk/sdk/2.1.0/src/rp2_common/pico_standard_binary_info/standard_binary_info.c.obj
 .debug_info    0x0001544d     0x211a CMakeFiles/semaforo.dir/C_/Users/User/.pico-sdk/sdk/2.1.0/src/rp2_common/pico_printf/printf.c.obj
 .debug_info    0x00017567       0x23 CMakeFiles/semaforo.dir/C_/Users/User/.pico-sdk/sdk/2.1.0/src/rp2_common/pico_crt0/crt0.S.obj
 .debug_info    0x0001758a      0xb54 CMakeFiles/semaforo.dir/C_/Users/User/.pico-sdk/sdk/2.1.0/src/rp2_common/pico_clib_interface/newlib_interface.c.obj
 .debug_info    0x000180de     0x1b8f CMakeFiles/semaforo.dir/C_/Users/User/.pico-sdk/sdk/2.1.0/src/rp2_common/pico_stdio/stdio.c.obj

.debug_abbrev   0x00000000     0x4b3c
 .debug_abbrev  0x00000000      0x309 CMakeFiles/semaforo.dir/semaforo.c.obj
 .debug_abbrev  0x00000309      0x4f9 CMakeFiles/semaforo.dir/C_/Users/User/.pico-sdk/sdk/2.1.0/src/rp2_common/hardware_gpio/gpio.c.obj
 .debug_abbrev  0x00000802      0x12b CMakeFiles/semaforo.dir/C_/Users/User/.pico-sdk/sdk/2.1.0/src/rp2_common/pico_platform_panic/panic.c.obj
 .debug_abbrev  0x0000092d      0x33b CMakeFiles/semaforo.dir/C_/Users/User/.pico-sdk/sdk/2.1.0/src/common/hardware_claim/claim.c.obj
 .debug_abbrev  0x00000c68      0x20d CMakeFiles/semaforo.dir/C_/Users/User/.pico-sdk/sdk/2.1.0/src/rp2_common/hardware_sync/sync.c.obj
 .debug_abbrev  0x00000e75      0x1bb CMakeFiles/semaforo.dir/C_/Users/User/.pico-sdk/sdk/2.1.0/src/rp2_common/hardware_sync_spin_lock/sync_spin_lock.c.obj
 .debug_abbrev  0x00001030      0x5ff CMakeFiles/semaforo.dir/C_/Users/User/.pico-sdk/sdk/2.1.0/src/rp2_common/hardware_irq/irq.c.obj
 .debug_abbrev  0x0000162f       0xee CMakeFiles/semaforo.dir/C_/Users/User/.pico-sdk/sdk/2.1.0/src/common/pico_sync/lock_core.c.obj
 .debug_abbrev  0x0000171d      0x48c CMakeFiles/semaforo.dir/C_/Users/User/.pico-sdk/sdk/2.1.0/src/common/pico_sync/mutex.c.obj
 .debug_abbrev  0x00001ba9      0x67b CMakeFiles/semaforo.dir/C_/Users/User/.pico-sdk/sdk/2.1.0/src/common/pico_time/time.c.obj
 .debug_abbrev  0x00002224      0x4f2 CMakeFiles/semaforo.dir/C_/Users/User/.pico-sdk/sdk/2.1.0/src/rp2_common/hardware_timer/timer.c.obj
 .debug_abbrev  0x00002716      0x4e2 CMakeFiles/semaforo.dir/C_/Users/User/.pico-sdk/sdk/2.1.0/src/rp2_common/hardware_clocks/clocks.c.obj
 .debug_abbrev  0x00002bf8      0x1d2 CMakeFiles/semaforo.dir/C_/Users/User/.pico-sdk/sdk/2.1.0/src/rp2_common/hardware_pll/pll.c.obj
 .debug_abbrev  0x00002dca      0x145 CMakeFiles/semaforo.dir/C_/Users/User/.pico-sdk/sdk/2.1.0/src/rp2_common/hardware_ticks/ticks.c.obj
 .debug_abbrev  0x00002f0f      0x1d7 CMakeFiles/semaforo.dir/C_/Users/User/.pico-sdk/sdk/2.1.0/src/rp2_common/pico_bootrom/bootrom.c.obj
 .debug_abbrev  0x000030e6      0x11b CMakeFiles/semaforo.dir/C_/Users/User/.pico-sdk/sdk/2.1.0/src/rp2_common/hardware_xosc/xosc.c.obj
 .debug_abbrev  0x00003201      0x182 CMakeFiles/semaforo.dir/C_/Users/User/.pico-sdk/sdk/2.1.0/src/rp2_common/pico_runtime/runtime.c.obj
 .debug_abbrev  0x00003383      0x222 CMakeFiles/semaforo.dir/C_/Users/User/.pico-sdk/sdk/2.1.0/src/rp2_common/pico_runtime_init/runtime_init.c.obj
 .debug_abbrev  0x000035a5      0x294 CMakeFiles/semaforo.dir/C_/Users/User/.pico-sdk/sdk/2.1.0/src/rp2_common/pico_runtime_init/runtime_init_clocks.c.obj
 .debug_abbrev  0x00003839       0x12 CMakeFiles/semaforo.dir/C_/Users/User/.pico-sdk/sdk/2.1.0/src/rp2_common/pico_bit_ops/bit_ops_aeabi.S.obj
 .debug_abbrev  0x0000384b       0x12 CMakeFiles/semaforo.dir/C_/Users/User/.pico-sdk/sdk/2.1.0/src/rp2_common/pico_divider/divider_hardware.S.obj
 .debug_abbrev  0x0000385d       0x12 CMakeFiles/semaforo.dir/C_/Users/User/.pico-sdk/sdk/2.1.0/src/rp2_common/pico_double/double_aeabi_rp2040.S.obj
 .debug_abbrev  0x0000386f      0x1bb CMakeFiles/semaforo.dir/C_/Users/User/.pico-sdk/sdk/2.1.0/src/rp2_common/pico_double/double_init_rom_rp2040.c.obj
 .debug_abbrev  0x00003a2a       0x14 CMakeFiles/semaforo.dir/C_/Users/User/.pico-sdk/sdk/2.1.0/src/rp2_common/pico_double/double_v1_rom_shim_rp2040.S.obj
 .debug_abbrev  0x00003a3e       0x14 CMakeFiles/semaforo.dir/C_/Users/User/.pico-sdk/sdk/2.1.0/src/rp2_common/pico_int64_ops/pico_int64_ops_aeabi.S.obj
 .debug_abbrev  0x00003a52       0x12 CMakeFiles/semaforo.dir/C_/Users/User/.pico-sdk/sdk/2.1.0/src/rp2_common/pico_float/float_aeabi_rp2040.S.obj
 .debug_abbrev  0x00003a64      0x19e CMakeFiles/semaforo.dir/C_/Users/User/.pico-sdk/sdk/2.1.0/src/rp2_common/pico_float/float_init_rom_rp2040.c.obj
 .debug_abbrev  0x00003c02       0x12 CMakeFiles/semaforo.dir/C_/Users/User/.pico-sdk/sdk/2.1.0/src/rp2_common/pico_mem_ops/mem_ops_aeabi.S.obj
 .debug_abbrev  0x00003c14       0xb8 CMakeFiles/semaforo.dir/C_/Users/User/.pico-sdk/sdk/2.1.0/src/rp2_common/pico_standard_binary_info/standard_binary_info.c.obj
 .debug_abbrev  0x00003ccc      0x525 CMakeFiles/semaforo.dir/C_/Users/User/.pico-sdk/sdk/2.1.0/src/rp2_common/pico_printf/printf.c.obj
 .debug_abbrev  0x000041f1       0x12 CMakeFiles/semaforo.dir/C_/Users/User/.pico-sdk/sdk/2.1.0/src/rp2_common/pico_crt0/crt0.S.obj
 .debug_abbrev  0x00004203      0x352 CMakeFiles/semaforo.dir/C_/Users/User/.pico-sdk/sdk/2.1.0/src/rp2_common/pico_clib_interface/newlib_interface.c.obj
 .debug_abbrev  0x00004555      0x5e7 CMakeFiles/semaforo.dir/C_/Users/User/.pico-sdk/sdk/2.1.0/src/rp2_common/pico_stdio/stdio.c.obj

.debug_loclists
                0x00000000     0xefb8
 .debug_loclists
                0x00000000      0x272 CMakeFiles/semaforo.dir/semaforo.c.obj
 .debug_loclists
                0x00000272     0x1a03 CMakeFiles/semaforo.dir/C_/Users/User/.pico-sdk/sdk/2.1.0/src/rp2_common/hardware_gpio/gpio.c.obj
 .debug_loclists
                0x00001c75      0x36e CMakeFiles/semaforo.dir/C_/Users/User/.pico-sdk/sdk/2.1.0/src/common/hardware_claim/claim.c.obj
 .debug_loclists
                0x00001fe3       0xf1 CMakeFiles/semaforo.dir/C_/Users/User/.pico-sdk/sdk/2.1.0/src/rp2_common/hardware_sync/sync.c.obj
 .debug_loclists
                0x000020d4       0x7d CMakeFiles/semaforo.dir/C_/Users/User/.pico-sdk/sdk/2.1.0/src/rp2_common/hardware_sync_spin_lock/sync_spin_lock.c.obj
 .debug_loclists
                0x00002151     0x116f CMakeFiles/semaforo.dir/C_/Users/User/.pico-sdk/sdk/2.1.0/src/rp2_common/hardware_irq/irq.c.obj
 .debug_loclists
                0x000032c0       0x41 CMakeFiles/semaforo.dir/C_/Users/User/.pico-sdk/sdk/2.1.0/src/common/pico_sync/lock_core.c.obj
 .debug_loclists
                0x00003301      0xafa CMakeFiles/semaforo.dir/C_/Users/User/.pico-sdk/sdk/2.1.0/src/common/pico_sync/mutex.c.obj
 .debug_loclists
                0x00003dfb     0x24bd CMakeFiles/semaforo.dir/C_/Users/User/.pico-sdk/sdk/2.1.0/src/common/pico_time/time.c.obj
 .debug_loclists
                0x000062b8     0x1a12 CMakeFiles/semaforo.dir/C_/Users/User/.pico-sdk/sdk/2.1.0/src/rp2_common/hardware_timer/timer.c.obj
 .debug_loclists
                0x00007cca     0x28a5 CMakeFiles/semaforo.dir/C_/Users/User/.pico-sdk/sdk/2.1.0/src/rp2_common/hardware_clocks/clocks.c.obj
 .debug_loclists
                0x0000a56f      0x1e0 CMakeFiles/semaforo.dir/C_/Users/User/.pico-sdk/sdk/2.1.0/src/rp2_common/hardware_pll/pll.c.obj
 .debug_loclists
                0x0000a74f       0x47 CMakeFiles/semaforo.dir/C_/Users/User/.pico-sdk/sdk/2.1.0/src/rp2_common/hardware_ticks/ticks.c.obj
 .debug_loclists
                0x0000a796      0x38a CMakeFiles/semaforo.dir/C_/Users/User/.pico-sdk/sdk/2.1.0/src/rp2_common/pico_bootrom/bootrom.c.obj
 .debug_loclists
                0x0000ab20       0x48 CMakeFiles/semaforo.dir/C_/Users/User/.pico-sdk/sdk/2.1.0/src/rp2_common/hardware_xosc/xosc.c.obj
 .debug_loclists
                0x0000ab68       0x7e CMakeFiles/semaforo.dir/C_/Users/User/.pico-sdk/sdk/2.1.0/src/rp2_common/pico_runtime/runtime.c.obj
 .debug_loclists
                0x0000abe6       0xba CMakeFiles/semaforo.dir/C_/Users/User/.pico-sdk/sdk/2.1.0/src/rp2_common/pico_runtime_init/runtime_init.c.obj
 .debug_loclists
                0x0000aca0       0x74 CMakeFiles/semaforo.dir/C_/Users/User/.pico-sdk/sdk/2.1.0/src/rp2_common/pico_runtime_init/runtime_init_clocks.c.obj
 .debug_loclists
                0x0000ad14       0x35 CMakeFiles/semaforo.dir/C_/Users/User/.pico-sdk/sdk/2.1.0/src/rp2_common/pico_double/double_init_rom_rp2040.c.obj
 .debug_loclists
                0x0000ad49       0x4e CMakeFiles/semaforo.dir/C_/Users/User/.pico-sdk/sdk/2.1.0/src/rp2_common/pico_float/float_init_rom_rp2040.c.obj
 .debug_loclists
                0x0000ad97     0x2f65 CMakeFiles/semaforo.dir/C_/Users/User/.pico-sdk/sdk/2.1.0/src/rp2_common/pico_printf/printf.c.obj
 .debug_loclists
                0x0000dcfc      0x431 CMakeFiles/semaforo.dir/C_/Users/User/.pico-sdk/sdk/2.1.0/src/rp2_common/pico_clib_interface/newlib_interface.c.obj
 .debug_loclists
                0x0000e12d      0xe8b CMakeFiles/semaforo.dir/C_/Users/User/.pico-sdk/sdk/2.1.0/src/rp2_common/pico_stdio/stdio.c.obj

.debug_aranges  0x00000000      0xd68
 .debug_aranges
                0x00000000       0x28 CMakeFiles/semaforo.dir/semaforo.c.obj
 .debug_aranges
                0x00000028      0x120 CMakeFiles/semaforo.dir/C_/Users/User/.pico-sdk/sdk/2.1.0/src/rp2_common/hardware_gpio/gpio.c.obj
 .debug_aranges
                0x00000148       0x28 CMakeFiles/semaforo.dir/C_/Users/User/.pico-sdk/sdk/2.1.0/src/rp2_common/pico_platform_panic/panic.c.obj
 .debug_aranges
                0x00000170       0x48 CMakeFiles/semaforo.dir/C_/Users/User/.pico-sdk/sdk/2.1.0/src/common/hardware_claim/claim.c.obj
 .debug_aranges
                0x000001b8       0x48 CMakeFiles/semaforo.dir/C_/Users/User/.pico-sdk/sdk/2.1.0/src/rp2_common/hardware_sync/sync.c.obj
 .debug_aranges
                0x00000200       0x28 CMakeFiles/semaforo.dir/C_/Users/User/.pico-sdk/sdk/2.1.0/src/rp2_common/hardware_sync_spin_lock/sync_spin_lock.c.obj
 .debug_aranges
                0x00000228       0xb0 CMakeFiles/semaforo.dir/C_/Users/User/.pico-sdk/sdk/2.1.0/src/rp2_common/hardware_irq/irq.c.obj
 .debug_aranges
                0x000002d8       0x20 CMakeFiles/semaforo.dir/C_/Users/User/.pico-sdk/sdk/2.1.0/src/common/pico_sync/lock_core.c.obj
 .debug_aranges
                0x000002f8       0x98 CMakeFiles/semaforo.dir/C_/Users/User/.pico-sdk/sdk/2.1.0/src/common/pico_sync/mutex.c.obj
 .debug_aranges
                0x00000390       0xe0 CMakeFiles/semaforo.dir/C_/Users/User/.pico-sdk/sdk/2.1.0/src/common/pico_time/time.c.obj
 .debug_aranges
                0x00000470       0xf0 CMakeFiles/semaforo.dir/C_/Users/User/.pico-sdk/sdk/2.1.0/src/rp2_common/hardware_timer/timer.c.obj
 .debug_aranges
                0x00000560       0x90 CMakeFiles/semaforo.dir/C_/Users/User/.pico-sdk/sdk/2.1.0/src/rp2_common/hardware_clocks/clocks.c.obj
 .debug_aranges
                0x000005f0       0x28 CMakeFiles/semaforo.dir/C_/Users/User/.pico-sdk/sdk/2.1.0/src/rp2_common/hardware_pll/pll.c.obj
 .debug_aranges
                0x00000618       0x30 CMakeFiles/semaforo.dir/C_/Users/User/.pico-sdk/sdk/2.1.0/src/rp2_common/hardware_ticks/ticks.c.obj
 .debug_aranges
                0x00000648       0x40 CMakeFiles/semaforo.dir/C_/Users/User/.pico-sdk/sdk/2.1.0/src/rp2_common/pico_bootrom/bootrom.c.obj
 .debug_aranges
                0x00000688       0x30 CMakeFiles/semaforo.dir/C_/Users/User/.pico-sdk/sdk/2.1.0/src/rp2_common/hardware_xosc/xosc.c.obj
 .debug_aranges
                0x000006b8       0x38 CMakeFiles/semaforo.dir/C_/Users/User/.pico-sdk/sdk/2.1.0/src/rp2_common/pico_runtime/runtime.c.obj
 .debug_aranges
                0x000006f0       0x48 CMakeFiles/semaforo.dir/C_/Users/User/.pico-sdk/sdk/2.1.0/src/rp2_common/pico_runtime_init/runtime_init.c.obj
 .debug_aranges
                0x00000738       0x20 CMakeFiles/semaforo.dir/C_/Users/User/.pico-sdk/sdk/2.1.0/src/rp2_common/pico_runtime_init/runtime_init_clocks.c.obj
 .debug_aranges
                0x00000758       0x60 CMakeFiles/semaforo.dir/C_/Users/User/.pico-sdk/sdk/2.1.0/src/rp2_common/pico_bit_ops/bit_ops_aeabi.S.obj
 .debug_aranges
                0x000007b8       0x40 CMakeFiles/semaforo.dir/C_/Users/User/.pico-sdk/sdk/2.1.0/src/rp2_common/pico_divider/divider_hardware.S.obj
 .debug_aranges
                0x000007f8      0x140 CMakeFiles/semaforo.dir/C_/Users/User/.pico-sdk/sdk/2.1.0/src/rp2_common/pico_double/double_aeabi_rp2040.S.obj
 .debug_aranges
                0x00000938       0x28 CMakeFiles/semaforo.dir/C_/Users/User/.pico-sdk/sdk/2.1.0/src/rp2_common/pico_double/double_init_rom_rp2040.c.obj
 .debug_aranges
                0x00000960       0x20 CMakeFiles/semaforo.dir/C_/Users/User/.pico-sdk/sdk/2.1.0/src/rp2_common/pico_double/double_v1_rom_shim_rp2040.S.obj
 .debug_aranges
                0x00000980       0x20 CMakeFiles/semaforo.dir/C_/Users/User/.pico-sdk/sdk/2.1.0/src/rp2_common/pico_int64_ops/pico_int64_ops_aeabi.S.obj
 .debug_aranges
                0x000009a0      0x130 CMakeFiles/semaforo.dir/C_/Users/User/.pico-sdk/sdk/2.1.0/src/rp2_common/pico_float/float_aeabi_rp2040.S.obj
 .debug_aranges
                0x00000ad0       0x28 CMakeFiles/semaforo.dir/C_/Users/User/.pico-sdk/sdk/2.1.0/src/rp2_common/pico_float/float_init_rom_rp2040.c.obj
 .debug_aranges
                0x00000af8       0x38 CMakeFiles/semaforo.dir/C_/Users/User/.pico-sdk/sdk/2.1.0/src/rp2_common/pico_mem_ops/mem_ops_aeabi.S.obj
 .debug_aranges
                0x00000b30       0x18 CMakeFiles/semaforo.dir/C_/Users/User/.pico-sdk/sdk/2.1.0/src/rp2_common/pico_standard_binary_info/standard_binary_info.c.obj
 .debug_aranges
                0x00000b48       0x90 CMakeFiles/semaforo.dir/C_/Users/User/.pico-sdk/sdk/2.1.0/src/rp2_common/pico_printf/printf.c.obj
 .debug_aranges
                0x00000bd8       0x28 CMakeFiles/semaforo.dir/C_/Users/User/.pico-sdk/sdk/2.1.0/src/rp2_common/pico_crt0/crt0.S.obj
 .debug_aranges
                0x00000c00       0xa0 CMakeFiles/semaforo.dir/C_/Users/User/.pico-sdk/sdk/2.1.0/src/rp2_common/pico_clib_interface/newlib_interface.c.obj
 .debug_aranges
                0x00000ca0       0xc8 CMakeFiles/semaforo.dir/C_/Users/User/.pico-sdk/sdk/2.1.0/src/rp2_common/pico_stdio/stdio.c.obj

.debug_rnglists
                0x00000000     0x27e8
 .debug_rnglists
                0x00000000       0x6d CMakeFiles/semaforo.dir/semaforo.c.obj
 .debug_rnglists
                0x0000006d      0x5c7 CMakeFiles/semaforo.dir/C_/Users/User/.pico-sdk/sdk/2.1.0/src/rp2_common/hardware_gpio/gpio.c.obj
 .debug_rnglists
                0x00000634       0x19 CMakeFiles/semaforo.dir/C_/Users/User/.pico-sdk/sdk/2.1.0/src/rp2_common/pico_platform_panic/panic.c.obj
 .debug_rnglists
                0x0000064d       0xc5 CMakeFiles/semaforo.dir/C_/Users/User/.pico-sdk/sdk/2.1.0/src/common/hardware_claim/claim.c.obj
 .debug_rnglists
                0x00000712       0x67 CMakeFiles/semaforo.dir/C_/Users/User/.pico-sdk/sdk/2.1.0/src/rp2_common/hardware_sync/sync.c.obj
 .debug_rnglists
                0x00000779       0x3d CMakeFiles/semaforo.dir/C_/Users/User/.pico-sdk/sdk/2.1.0/src/rp2_common/hardware_sync_spin_lock/sync_spin_lock.c.obj
 .debug_rnglists
                0x000007b6      0x355 CMakeFiles/semaforo.dir/C_/Users/User/.pico-sdk/sdk/2.1.0/src/rp2_common/hardware_irq/irq.c.obj
 .debug_rnglists
                0x00000b0b       0x1f CMakeFiles/semaforo.dir/C_/Users/User/.pico-sdk/sdk/2.1.0/src/common/pico_sync/lock_core.c.obj
 .debug_rnglists
                0x00000b2a      0x32c CMakeFiles/semaforo.dir/C_/Users/User/.pico-sdk/sdk/2.1.0/src/common/pico_sync/mutex.c.obj
 .debug_rnglists
                0x00000e56      0x77c CMakeFiles/semaforo.dir/C_/Users/User/.pico-sdk/sdk/2.1.0/src/common/pico_time/time.c.obj
 .debug_rnglists
                0x000015d2      0x2c6 CMakeFiles/semaforo.dir/C_/Users/User/.pico-sdk/sdk/2.1.0/src/rp2_common/hardware_timer/timer.c.obj
 .debug_rnglists
                0x00001898      0x4ad CMakeFiles/semaforo.dir/C_/Users/User/.pico-sdk/sdk/2.1.0/src/rp2_common/hardware_clocks/clocks.c.obj
 .debug_rnglists
                0x00001d45       0x5c CMakeFiles/semaforo.dir/C_/Users/User/.pico-sdk/sdk/2.1.0/src/rp2_common/hardware_pll/pll.c.obj
 .debug_rnglists
                0x00001da1       0x2b CMakeFiles/semaforo.dir/C_/Users/User/.pico-sdk/sdk/2.1.0/src/rp2_common/hardware_ticks/ticks.c.obj
 .debug_rnglists
                0x00001dcc      0x10c CMakeFiles/semaforo.dir/C_/Users/User/.pico-sdk/sdk/2.1.0/src/rp2_common/pico_bootrom/bootrom.c.obj
 .debug_rnglists
                0x00001ed8       0x2b CMakeFiles/semaforo.dir/C_/Users/User/.pico-sdk/sdk/2.1.0/src/rp2_common/hardware_xosc/xosc.c.obj
 .debug_rnglists
                0x00001f03       0x3d CMakeFiles/semaforo.dir/C_/Users/User/.pico-sdk/sdk/2.1.0/src/rp2_common/pico_runtime/runtime.c.obj
 .debug_rnglists
                0x00001f40       0x49 CMakeFiles/semaforo.dir/C_/Users/User/.pico-sdk/sdk/2.1.0/src/rp2_common/pico_runtime_init/runtime_init.c.obj
 .debug_rnglists
                0x00001f89       0x20 CMakeFiles/semaforo.dir/C_/Users/User/.pico-sdk/sdk/2.1.0/src/rp2_common/pico_runtime_init/runtime_init_clocks.c.obj
 .debug_rnglists
                0x00001fa9       0x43 CMakeFiles/semaforo.dir/C_/Users/User/.pico-sdk/sdk/2.1.0/src/rp2_common/pico_bit_ops/bit_ops_aeabi.S.obj
 .debug_rnglists
                0x00001fec       0x2c CMakeFiles/semaforo.dir/C_/Users/User/.pico-sdk/sdk/2.1.0/src/rp2_common/pico_divider/divider_hardware.S.obj
 .debug_rnglists
                0x00002018       0xec CMakeFiles/semaforo.dir/C_/Users/User/.pico-sdk/sdk/2.1.0/src/rp2_common/pico_double/double_aeabi_rp2040.S.obj
 .debug_rnglists
                0x00002104       0x1a CMakeFiles/semaforo.dir/C_/Users/User/.pico-sdk/sdk/2.1.0/src/rp2_common/pico_double/double_init_rom_rp2040.c.obj
 .debug_rnglists
                0x0000211e       0xdf CMakeFiles/semaforo.dir/C_/Users/User/.pico-sdk/sdk/2.1.0/src/rp2_common/pico_float/float_aeabi_rp2040.S.obj
 .debug_rnglists
                0x000021fd       0x19 CMakeFiles/semaforo.dir/C_/Users/User/.pico-sdk/sdk/2.1.0/src/rp2_common/pico_float/float_init_rom_rp2040.c.obj
 .debug_rnglists
                0x00002216       0x25 CMakeFiles/semaforo.dir/C_/Users/User/.pico-sdk/sdk/2.1.0/src/rp2_common/pico_mem_ops/mem_ops_aeabi.S.obj
 .debug_rnglists
                0x0000223b      0x27c CMakeFiles/semaforo.dir/C_/Users/User/.pico-sdk/sdk/2.1.0/src/rp2_common/pico_printf/printf.c.obj
 .debug_rnglists
                0x000024b7       0x1b CMakeFiles/semaforo.dir/C_/Users/User/.pico-sdk/sdk/2.1.0/src/rp2_common/pico_crt0/crt0.S.obj
 .debug_rnglists
                0x000024d2       0x7f CMakeFiles/semaforo.dir/C_/Users/User/.pico-sdk/sdk/2.1.0/src/rp2_common/pico_clib_interface/newlib_interface.c.obj
 .debug_rnglists
                0x00002551      0x297 CMakeFiles/semaforo.dir/C_/Users/User/.pico-sdk/sdk/2.1.0/src/rp2_common/pico_stdio/stdio.c.obj

.debug_line     0x00000000    0x146a8
 .debug_line    0x00000000      0x615 CMakeFiles/semaforo.dir/semaforo.c.obj
 .debug_line    0x00000615     0x1c8d CMakeFiles/semaforo.dir/C_/Users/User/.pico-sdk/sdk/2.1.0/src/rp2_common/hardware_gpio/gpio.c.obj
 .debug_line    0x000022a2      0x284 CMakeFiles/semaforo.dir/C_/Users/User/.pico-sdk/sdk/2.1.0/src/rp2_common/pico_platform_panic/panic.c.obj
 .debug_line    0x00002526      0x926 CMakeFiles/semaforo.dir/C_/Users/User/.pico-sdk/sdk/2.1.0/src/common/hardware_claim/claim.c.obj
 .debug_line    0x00002e4c      0x4ca CMakeFiles/semaforo.dir/C_/Users/User/.pico-sdk/sdk/2.1.0/src/rp2_common/hardware_sync/sync.c.obj
 .debug_line    0x00003316      0x3b3 CMakeFiles/semaforo.dir/C_/Users/User/.pico-sdk/sdk/2.1.0/src/rp2_common/hardware_sync_spin_lock/sync_spin_lock.c.obj
 .debug_line    0x000036c9     0x170a CMakeFiles/semaforo.dir/C_/Users/User/.pico-sdk/sdk/2.1.0/src/rp2_common/hardware_irq/irq.c.obj
 .debug_line    0x00004dd3      0x2de CMakeFiles/semaforo.dir/C_/Users/User/.pico-sdk/sdk/2.1.0/src/common/pico_sync/lock_core.c.obj
 .debug_line    0x000050b1     0x1b1c CMakeFiles/semaforo.dir/C_/Users/User/.pico-sdk/sdk/2.1.0/src/common/pico_sync/mutex.c.obj
 .debug_line    0x00006bcd     0x3124 CMakeFiles/semaforo.dir/C_/Users/User/.pico-sdk/sdk/2.1.0/src/common/pico_time/time.c.obj
 .debug_line    0x00009cf1     0x1d27 CMakeFiles/semaforo.dir/C_/Users/User/.pico-sdk/sdk/2.1.0/src/rp2_common/hardware_timer/timer.c.obj
 .debug_line    0x0000ba18     0x1e04 CMakeFiles/semaforo.dir/C_/Users/User/.pico-sdk/sdk/2.1.0/src/rp2_common/hardware_clocks/clocks.c.obj
 .debug_line    0x0000d81c      0x4f7 CMakeFiles/semaforo.dir/C_/Users/User/.pico-sdk/sdk/2.1.0/src/rp2_common/hardware_pll/pll.c.obj
 .debug_line    0x0000dd13      0x33d CMakeFiles/semaforo.dir/C_/Users/User/.pico-sdk/sdk/2.1.0/src/rp2_common/hardware_ticks/ticks.c.obj
 .debug_line    0x0000e050      0x477 CMakeFiles/semaforo.dir/C_/Users/User/.pico-sdk/sdk/2.1.0/src/rp2_common/pico_bootrom/bootrom.c.obj
 .debug_line    0x0000e4c7      0x356 CMakeFiles/semaforo.dir/C_/Users/User/.pico-sdk/sdk/2.1.0/src/rp2_common/hardware_xosc/xosc.c.obj
 .debug_line    0x0000e81d      0x313 CMakeFiles/semaforo.dir/C_/Users/User/.pico-sdk/sdk/2.1.0/src/rp2_common/pico_runtime/runtime.c.obj
 .debug_line    0x0000eb30      0x539 CMakeFiles/semaforo.dir/C_/Users/User/.pico-sdk/sdk/2.1.0/src/rp2_common/pico_runtime_init/runtime_init.c.obj
 .debug_line    0x0000f069      0x55b CMakeFiles/semaforo.dir/C_/Users/User/.pico-sdk/sdk/2.1.0/src/rp2_common/pico_runtime_init/runtime_init_clocks.c.obj
 .debug_line    0x0000f5c4      0x107 CMakeFiles/semaforo.dir/C_/Users/User/.pico-sdk/sdk/2.1.0/src/rp2_common/pico_bit_ops/bit_ops_aeabi.S.obj
 .debug_line    0x0000f6cb      0x2a9 CMakeFiles/semaforo.dir/C_/Users/User/.pico-sdk/sdk/2.1.0/src/rp2_common/pico_divider/divider_hardware.S.obj
 .debug_line    0x0000f974      0x3f3 CMakeFiles/semaforo.dir/C_/Users/User/.pico-sdk/sdk/2.1.0/src/rp2_common/pico_double/double_aeabi_rp2040.S.obj
 .debug_line    0x0000fd67      0x55f CMakeFiles/semaforo.dir/C_/Users/User/.pico-sdk/sdk/2.1.0/src/rp2_common/pico_double/double_init_rom_rp2040.c.obj
 .debug_line    0x000102c6       0x5d CMakeFiles/semaforo.dir/C_/Users/User/.pico-sdk/sdk/2.1.0/src/rp2_common/pico_double/double_v1_rom_shim_rp2040.S.obj
 .debug_line    0x00010323       0x61 CMakeFiles/semaforo.dir/C_/Users/User/.pico-sdk/sdk/2.1.0/src/rp2_common/pico_int64_ops/pico_int64_ops_aeabi.S.obj
 .debug_line    0x00010384      0x3a8 CMakeFiles/semaforo.dir/C_/Users/User/.pico-sdk/sdk/2.1.0/src/rp2_common/pico_float/float_aeabi_rp2040.S.obj
 .debug_line    0x0001072c      0x41b CMakeFiles/semaforo.dir/C_/Users/User/.pico-sdk/sdk/2.1.0/src/rp2_common/pico_float/float_init_rom_rp2040.c.obj
 .debug_line    0x00010b47       0x94 CMakeFiles/semaforo.dir/C_/Users/User/.pico-sdk/sdk/2.1.0/src/rp2_common/pico_mem_ops/mem_ops_aeabi.S.obj
 .debug_line    0x00010bdb      0x1f0 CMakeFiles/semaforo.dir/C_/Users/User/.pico-sdk/sdk/2.1.0/src/rp2_common/pico_standard_binary_info/standard_binary_info.c.obj
 .debug_line    0x00010dcb     0x1b88 CMakeFiles/semaforo.dir/C_/Users/User/.pico-sdk/sdk/2.1.0/src/rp2_common/pico_printf/printf.c.obj
 .debug_line    0x00012953       0xa5 CMakeFiles/semaforo.dir/C_/Users/User/.pico-sdk/sdk/2.1.0/src/rp2_common/pico_crt0/crt0.S.obj
 .debug_line    0x000129f8      0x864 CMakeFiles/semaforo.dir/C_/Users/User/.pico-sdk/sdk/2.1.0/src/rp2_common/pico_clib_interface/newlib_interface.c.obj
 .debug_line    0x0001325c     0x144c CMakeFiles/semaforo.dir/C_/Users/User/.pico-sdk/sdk/2.1.0/src/rp2_common/pico_stdio/stdio.c.obj

.debug_str      0x00000000     0x4312
 .debug_str     0x00000000     0x4312 CMakeFiles/semaforo.dir/semaforo.c.obj
                                0x91e (size before relaxing)
 .debug_str     0x00004312      0xc7e CMakeFiles/semaforo.dir/C_/Users/User/.pico-sdk/sdk/2.1.0/src/rp2_common/hardware_gpio/gpio.c.obj
 .debug_str     0x00004312      0x209 CMakeFiles/semaforo.dir/C_/Users/User/.pico-sdk/sdk/2.1.0/src/rp2_common/pico_platform_panic/panic.c.obj
 .debug_str     0x00004312      0x38c CMakeFiles/semaforo.dir/C_/Users/User/.pico-sdk/sdk/2.1.0/src/common/hardware_claim/claim.c.obj
 .debug_str     0x00004312      0x335 CMakeFiles/semaforo.dir/C_/Users/User/.pico-sdk/sdk/2.1.0/src/rp2_common/hardware_sync/sync.c.obj
 .debug_str     0x00004312      0x248 CMakeFiles/semaforo.dir/C_/Users/User/.pico-sdk/sdk/2.1.0/src/rp2_common/hardware_sync_spin_lock/sync_spin_lock.c.obj
 .debug_str     0x00004312      0xa6c CMakeFiles/semaforo.dir/C_/Users/User/.pico-sdk/sdk/2.1.0/src/rp2_common/hardware_irq/irq.c.obj
 .debug_str     0x00004312      0x214 CMakeFiles/semaforo.dir/C_/Users/User/.pico-sdk/sdk/2.1.0/src/common/pico_sync/lock_core.c.obj
 .debug_str     0x00004312      0x7a7 CMakeFiles/semaforo.dir/C_/Users/User/.pico-sdk/sdk/2.1.0/src/common/pico_sync/mutex.c.obj
 .debug_str     0x00004312     0x11a4 CMakeFiles/semaforo.dir/C_/Users/User/.pico-sdk/sdk/2.1.0/src/common/pico_time/time.c.obj
 .debug_str     0x00004312      0x9ef CMakeFiles/semaforo.dir/C_/Users/User/.pico-sdk/sdk/2.1.0/src/rp2_common/hardware_timer/timer.c.obj
 .debug_str     0x00004312      0x99e CMakeFiles/semaforo.dir/C_/Users/User/.pico-sdk/sdk/2.1.0/src/rp2_common/hardware_clocks/clocks.c.obj
 .debug_str     0x00004312      0x467 CMakeFiles/semaforo.dir/C_/Users/User/.pico-sdk/sdk/2.1.0/src/rp2_common/hardware_pll/pll.c.obj
 .debug_str     0x00004312      0x296 CMakeFiles/semaforo.dir/C_/Users/User/.pico-sdk/sdk/2.1.0/src/rp2_common/hardware_ticks/ticks.c.obj
 .debug_str     0x00004312      0x344 CMakeFiles/semaforo.dir/C_/Users/User/.pico-sdk/sdk/2.1.0/src/rp2_common/pico_bootrom/bootrom.c.obj
 .debug_str     0x00004312      0x24b CMakeFiles/semaforo.dir/C_/Users/User/.pico-sdk/sdk/2.1.0/src/rp2_common/hardware_xosc/xosc.c.obj
 .debug_str     0x00004312      0x29b CMakeFiles/semaforo.dir/C_/Users/User/.pico-sdk/sdk/2.1.0/src/rp2_common/pico_runtime/runtime.c.obj
 .debug_str     0x00004312      0x78f CMakeFiles/semaforo.dir/C_/Users/User/.pico-sdk/sdk/2.1.0/src/rp2_common/pico_runtime_init/runtime_init.c.obj
 .debug_str     0x00004312      0x4a3 CMakeFiles/semaforo.dir/C_/Users/User/.pico-sdk/sdk/2.1.0/src/rp2_common/pico_runtime_init/runtime_init_clocks.c.obj
 .debug_str     0x00004312       0x93 CMakeFiles/semaforo.dir/C_/Users/User/.pico-sdk/sdk/2.1.0/src/rp2_common/pico_bit_ops/bit_ops_aeabi.S.obj
 .debug_str     0x00004312       0x96 CMakeFiles/semaforo.dir/C_/Users/User/.pico-sdk/sdk/2.1.0/src/rp2_common/pico_divider/divider_hardware.S.obj
 .debug_str     0x00004312       0x98 CMakeFiles/semaforo.dir/C_/Users/User/.pico-sdk/sdk/2.1.0/src/rp2_common/pico_double/double_aeabi_rp2040.S.obj
 .debug_str     0x00004312      0x2ea CMakeFiles/semaforo.dir/C_/Users/User/.pico-sdk/sdk/2.1.0/src/rp2_common/pico_double/double_init_rom_rp2040.c.obj
 .debug_str     0x00004312       0x9e CMakeFiles/semaforo.dir/C_/Users/User/.pico-sdk/sdk/2.1.0/src/rp2_common/pico_double/double_v1_rom_shim_rp2040.S.obj
 .debug_str     0x00004312       0x9c CMakeFiles/semaforo.dir/C_/Users/User/.pico-sdk/sdk/2.1.0/src/rp2_common/pico_int64_ops/pico_int64_ops_aeabi.S.obj
 .debug_str     0x00004312       0x96 CMakeFiles/semaforo.dir/C_/Users/User/.pico-sdk/sdk/2.1.0/src/rp2_common/pico_float/float_aeabi_rp2040.S.obj
 .debug_str     0x00004312      0x2af CMakeFiles/semaforo.dir/C_/Users/User/.pico-sdk/sdk/2.1.0/src/rp2_common/pico_float/float_init_rom_rp2040.c.obj
 .debug_str     0x00004312       0x93 CMakeFiles/semaforo.dir/C_/Users/User/.pico-sdk/sdk/2.1.0/src/rp2_common/pico_mem_ops/mem_ops_aeabi.S.obj
 .debug_str     0x00004312      0x444 CMakeFiles/semaforo.dir/C_/Users/User/.pico-sdk/sdk/2.1.0/src/rp2_common/pico_standard_binary_info/standard_binary_info.c.obj
 .debug_str     0x00004312      0x4de CMakeFiles/semaforo.dir/C_/Users/User/.pico-sdk/sdk/2.1.0/src/rp2_common/pico_printf/printf.c.obj
 .debug_str     0x00004312       0x87 CMakeFiles/semaforo.dir/C_/Users/User/.pico-sdk/sdk/2.1.0/src/rp2_common/pico_crt0/crt0.S.obj
 .debug_str     0x00004312      0x729 CMakeFiles/semaforo.dir/C_/Users/User/.pico-sdk/sdk/2.1.0/src/rp2_common/pico_clib_interface/newlib_interface.c.obj
 .debug_str     0x00004312      0xacd CMakeFiles/semaforo.dir/C_/Users/User/.pico-sdk/sdk/2.1.0/src/rp2_common/pico_stdio/stdio.c.obj

.debug_frame    0x00000000     0x199c
 .debug_frame   0x00000000       0x48 CMakeFiles/semaforo.dir/semaforo.c.obj
 .debug_frame   0x00000048      0x330 CMakeFiles/semaforo.dir/C_/Users/User/.pico-sdk/sdk/2.1.0/src/rp2_common/hardware_gpio/gpio.c.obj
 .debug_frame   0x00000378       0x44 CMakeFiles/semaforo.dir/C_/Users/User/.pico-sdk/sdk/2.1.0/src/rp2_common/pico_platform_panic/panic.c.obj
 .debug_frame   0x000003bc       0xa0 CMakeFiles/semaforo.dir/C_/Users/User/.pico-sdk/sdk/2.1.0/src/common/hardware_claim/claim.c.obj
 .debug_frame   0x0000045c       0xa8 CMakeFiles/semaforo.dir/C_/Users/User/.pico-sdk/sdk/2.1.0/src/rp2_common/hardware_sync/sync.c.obj
 .debug_frame   0x00000504       0x30 CMakeFiles/semaforo.dir/C_/Users/User/.pico-sdk/sdk/2.1.0/src/rp2_common/hardware_sync_spin_lock/sync_spin_lock.c.obj
 .debug_frame   0x00000534      0x1bc CMakeFiles/semaforo.dir/C_/Users/User/.pico-sdk/sdk/2.1.0/src/rp2_common/hardware_irq/irq.c.obj
 .debug_frame   0x000006f0       0x20 CMakeFiles/semaforo.dir/C_/Users/User/.pico-sdk/sdk/2.1.0/src/common/pico_sync/lock_core.c.obj
 .debug_frame   0x00000710      0x1e0 CMakeFiles/semaforo.dir/C_/Users/User/.pico-sdk/sdk/2.1.0/src/common/pico_sync/mutex.c.obj
 .debug_frame   0x000008f0      0x2d0 CMakeFiles/semaforo.dir/C_/Users/User/.pico-sdk/sdk/2.1.0/src/common/pico_time/time.c.obj
 .debug_frame   0x00000bc0      0x2c0 CMakeFiles/semaforo.dir/C_/Users/User/.pico-sdk/sdk/2.1.0/src/rp2_common/hardware_timer/timer.c.obj
 .debug_frame   0x00000e80      0x1f0 CMakeFiles/semaforo.dir/C_/Users/User/.pico-sdk/sdk/2.1.0/src/rp2_common/hardware_clocks/clocks.c.obj
 .debug_frame   0x00001070       0x40 CMakeFiles/semaforo.dir/C_/Users/User/.pico-sdk/sdk/2.1.0/src/rp2_common/hardware_pll/pll.c.obj
 .debug_frame   0x000010b0       0x40 CMakeFiles/semaforo.dir/C_/Users/User/.pico-sdk/sdk/2.1.0/src/rp2_common/hardware_ticks/ticks.c.obj
 .debug_frame   0x000010f0       0xa0 CMakeFiles/semaforo.dir/C_/Users/User/.pico-sdk/sdk/2.1.0/src/rp2_common/pico_bootrom/bootrom.c.obj
 .debug_frame   0x00001190       0x40 CMakeFiles/semaforo.dir/C_/Users/User/.pico-sdk/sdk/2.1.0/src/rp2_common/hardware_xosc/xosc.c.obj
 .debug_frame   0x000011d0       0x70 CMakeFiles/semaforo.dir/C_/Users/User/.pico-sdk/sdk/2.1.0/src/rp2_common/pico_runtime/runtime.c.obj
 .debug_frame   0x00001240       0x84 CMakeFiles/semaforo.dir/C_/Users/User/.pico-sdk/sdk/2.1.0/src/rp2_common/pico_runtime_init/runtime_init.c.obj
 .debug_frame   0x000012c4       0x2c CMakeFiles/semaforo.dir/C_/Users/User/.pico-sdk/sdk/2.1.0/src/rp2_common/pico_runtime_init/runtime_init_clocks.c.obj
 .debug_frame   0x000012f0       0x44 CMakeFiles/semaforo.dir/C_/Users/User/.pico-sdk/sdk/2.1.0/src/rp2_common/pico_double/double_init_rom_rp2040.c.obj
 .debug_frame   0x00001334       0x40 CMakeFiles/semaforo.dir/C_/Users/User/.pico-sdk/sdk/2.1.0/src/rp2_common/pico_float/float_init_rom_rp2040.c.obj
 .debug_frame   0x00001374      0x1ec CMakeFiles/semaforo.dir/C_/Users/User/.pico-sdk/sdk/2.1.0/src/rp2_common/pico_printf/printf.c.obj
 .debug_frame   0x00001560      0x174 CMakeFiles/semaforo.dir/C_/Users/User/.pico-sdk/sdk/2.1.0/src/rp2_common/pico_clib_interface/newlib_interface.c.obj
 .debug_frame   0x000016d4      0x2a0 CMakeFiles/semaforo.dir/C_/Users/User/.pico-sdk/sdk/2.1.0/src/rp2_common/pico_stdio/stdio.c.obj
 .debug_frame   0x00001974       0x28 C:/Users/User/.pico-sdk/toolchain/13_3_Rel1/bin/../lib/gcc/arm-none-eabi/13.3.1/thumb/v6-m/nofp\libg.a(libc_a-strlen-stub.o)

.debug_line_str
                0x00000000      0x346
 .debug_line_str
                0x00000000      0x346 CMakeFiles/semaforo.dir/C_/Users/User/.pico-sdk/sdk/2.1.0/src/rp2_common/pico_bit_ops/bit_ops_aeabi.S.obj
                                 0x85 (size before relaxing)
 .debug_line_str
                0x00000346       0x88 CMakeFiles/semaforo.dir/C_/Users/User/.pico-sdk/sdk/2.1.0/src/rp2_common/pico_divider/divider_hardware.S.obj
 .debug_line_str
                0x00000346       0x8a CMakeFiles/semaforo.dir/C_/Users/User/.pico-sdk/sdk/2.1.0/src/rp2_common/pico_double/double_aeabi_rp2040.S.obj
 .debug_line_str